Archive member included to satisfy reference by file (symbol)

e:/stm32ide/stm32cubeide_1.7.0/stm32cubeide/plugins/com.st.stm32cube.ide.mcu.externaltools.gnu-tools-for-stm32.9-2020-q2-update.win32_2.0.0.202105311346/tools/bin/../lib/gcc/arm-none-eabi/9.3.1/../../../../arm-none-eabi/lib/thumb/v7e-m+fp/hard\libstdc++_nano.a(pure.o)
                              ./Core/Src/mainpp.o (__cxa_pure_virtual)
e:/stm32ide/stm32cubeide_1.7.0/stm32cubeide/plugins/com.st.stm32cube.ide.mcu.externaltools.gnu-tools-for-stm32.9-2020-q2-update.win32_2.0.0.202105311346/tools/bin/../lib/gcc/arm-none-eabi/9.3.1/../../../../arm-none-eabi/lib/thumb/v7e-m+fp/hard\libstdc++_nano.a(eh_terminate.o)
                              e:/stm32ide/stm32cubeide_1.7.0/stm32cubeide/plugins/com.st.stm32cube.ide.mcu.externaltools.gnu-tools-for-stm32.9-2020-q2-update.win32_2.0.0.202105311346/tools/bin/../lib/gcc/arm-none-eabi/9.3.1/../../../../arm-none-eabi/lib/thumb/v7e-m+fp/hard\libstdc++_nano.a(pure.o) (std::terminate())
e:/stm32ide/stm32cubeide_1.7.0/stm32cubeide/plugins/com.st.stm32cube.ide.mcu.externaltools.gnu-tools-for-stm32.9-2020-q2-update.win32_2.0.0.202105311346/tools/bin/../lib/gcc/arm-none-eabi/9.3.1/../../../../arm-none-eabi/lib/thumb/v7e-m+fp/hard\libstdc++_nano.a(eh_unex_handler.o)
                              e:/stm32ide/stm32cubeide_1.7.0/stm32cubeide/plugins/com.st.stm32cube.ide.mcu.externaltools.gnu-tools-for-stm32.9-2020-q2-update.win32_2.0.0.202105311346/tools/bin/../lib/gcc/arm-none-eabi/9.3.1/../../../../arm-none-eabi/lib/thumb/v7e-m+fp/hard\libstdc++_nano.a(eh_terminate.o) (__cxxabiv1::__unexpected_handler)
e:/stm32ide/stm32cubeide_1.7.0/stm32cubeide/plugins/com.st.stm32cube.ide.mcu.externaltools.gnu-tools-for-stm32.9-2020-q2-update.win32_2.0.0.202105311346/tools/bin/../lib/gcc/arm-none-eabi/9.3.1/../../../../arm-none-eabi/lib/thumb/v7e-m+fp/hard\libstdc++_nano.a(eh_term_handler.o)
                              e:/stm32ide/stm32cubeide_1.7.0/stm32cubeide/plugins/com.st.stm32cube.ide.mcu.externaltools.gnu-tools-for-stm32.9-2020-q2-update.win32_2.0.0.202105311346/tools/bin/../lib/gcc/arm-none-eabi/9.3.1/../../../../arm-none-eabi/lib/thumb/v7e-m+fp/hard\libstdc++_nano.a(eh_terminate.o) (__cxxabiv1::__terminate_handler)
e:/stm32ide/stm32cubeide_1.7.0/stm32cubeide/plugins/com.st.stm32cube.ide.mcu.externaltools.gnu-tools-for-stm32.9-2020-q2-update.win32_2.0.0.202105311346/tools/bin/../lib/gcc/arm-none-eabi/9.3.1/../../../../arm-none-eabi/lib/thumb/v7e-m+fp/hard\libm.a(lib_a-s_round.o)
                              ./Core/Src/stm32f4xx_it.o (round)
e:/stm32ide/stm32cubeide_1.7.0/stm32cubeide/plugins/com.st.stm32cube.ide.mcu.externaltools.gnu-tools-for-stm32.9-2020-q2-update.win32_2.0.0.202105311346/tools/bin/../lib/gcc/arm-none-eabi/9.3.1/../../../../arm-none-eabi/lib/thumb/v7e-m+fp/hard\libc_nano.a(lib_a-abort.o)
                              e:/stm32ide/stm32cubeide_1.7.0/stm32cubeide/plugins/com.st.stm32cube.ide.mcu.externaltools.gnu-tools-for-stm32.9-2020-q2-update.win32_2.0.0.202105311346/tools/bin/../lib/gcc/arm-none-eabi/9.3.1/../../../../arm-none-eabi/lib/thumb/v7e-m+fp/hard\libstdc++_nano.a(eh_terminate.o) (abort)
e:/stm32ide/stm32cubeide_1.7.0/stm32cubeide/plugins/com.st.stm32cube.ide.mcu.externaltools.gnu-tools-for-stm32.9-2020-q2-update.win32_2.0.0.202105311346/tools/bin/../lib/gcc/arm-none-eabi/9.3.1/../../../../arm-none-eabi/lib/thumb/v7e-m+fp/hard\libc_nano.a(lib_a-atof.o)
                              ./Core/Src/mainpp.o (atof)
e:/stm32ide/stm32cubeide_1.7.0/stm32cubeide/plugins/com.st.stm32cube.ide.mcu.externaltools.gnu-tools-for-stm32.9-2020-q2-update.win32_2.0.0.202105311346/tools/bin/../lib/gcc/arm-none-eabi/9.3.1/../../../../arm-none-eabi/lib/thumb/v7e-m+fp/hard\libc_nano.a(lib_a-errno.o)
                              ./Core/Src/syscalls.o (__errno)
e:/stm32ide/stm32cubeide_1.7.0/stm32cubeide/plugins/com.st.stm32cube.ide.mcu.externaltools.gnu-tools-for-stm32.9-2020-q2-update.win32_2.0.0.202105311346/tools/bin/../lib/gcc/arm-none-eabi/9.3.1/../../../../arm-none-eabi/lib/thumb/v7e-m+fp/hard\libc_nano.a(lib_a-exit.o)
                              e:/stm32ide/stm32cubeide_1.7.0/stm32cubeide/plugins/com.st.stm32cube.ide.mcu.externaltools.gnu-tools-for-stm32.9-2020-q2-update.win32_2.0.0.202105311346/tools/bin/../lib/gcc/arm-none-eabi/9.3.1/../../../../arm-none-eabi/lib/thumb/v7e-m+fp/hard/crt0.o (exit)
e:/stm32ide/stm32cubeide_1.7.0/stm32cubeide/plugins/com.st.stm32cube.ide.mcu.externaltools.gnu-tools-for-stm32.9-2020-q2-update.win32_2.0.0.202105311346/tools/bin/../lib/gcc/arm-none-eabi/9.3.1/../../../../arm-none-eabi/lib/thumb/v7e-m+fp/hard\libc_nano.a(lib_a-impure.o)
                              e:/stm32ide/stm32cubeide_1.7.0/stm32cubeide/plugins/com.st.stm32cube.ide.mcu.externaltools.gnu-tools-for-stm32.9-2020-q2-update.win32_2.0.0.202105311346/tools/bin/../lib/gcc/arm-none-eabi/9.3.1/../../../../arm-none-eabi/lib/thumb/v7e-m+fp/hard\libc_nano.a(lib_a-exit.o) (_global_impure_ptr)
[...]
Memory Configuration

Name             Origin             Length             Attributes
CCMRAM           0x0000000010000000 0x0000000000010000 xrw
RAM              0x0000000020000000 0x0000000000020000 xrw
FLASH            0x0000000008000000 0x0000000000080000 xr
*default*        0x0000000000000000 0xffffffffffffffff

Linker script and memory map

LOAD e:/stm32ide/stm32cubeide_1.7.0/stm32cubeide/plugins/com.st.stm32cube.ide.mcu.externaltools.gnu-tools-for-stm32.9-2020-q2-update.win32_2.0.0.202105311346/tools/bin/../lib/gcc/arm-none-eabi/9.3.1/thumb/v7e-m+fp/hard/crti.o
LOAD e:/stm32ide/stm32cubeide_1.7.0/stm32cubeide/plugins/com.st.stm32cube.ide.mcu.externaltools.gnu-tools-for-stm32.9-2020-q2-update.win32_2.0.0.202105311346/tools/bin/../lib/gcc/arm-none-eabi/9.3.1/thumb/v7e-m+fp/hard/crtbegin.o
LOAD e:/stm32ide/stm32cubeide_1.7.0/stm32cubeide/plugins/com.st.stm32cube.ide.mcu.externaltools.gnu-tools-for-stm32.9-2020-q2-update.win32_2.0.0.202105311346/tools/bin/../lib/gcc/arm-none-eabi/9.3.1/../../../../arm-none-eabi/lib/thumb/v7e-m+fp/hard/crt0.o
LOAD ./Core/Src/duration.o
LOAD ./Core/Src/ir.o
LOAD ./Core/Src/kal_man.o
LOAD ./Core/Src/main.o
LOAD ./Core/Src/mainpp.o
LOAD ./Core/Src/stm32f4xx_hal_msp.o
LOAD ./Core/Src/stm32f4xx_it.o
LOAD ./Core/Src/syscalls.o
LOAD ./Core/Src/sysmem.o
LOAD ./Core/Src/system_stm32f4xx.o
LOAD ./Core/Src/time.o
LOAD ./Core/Startup/startup_stm32f407vetx.o
LOAD ./Drivers/STM32F4xx_HAL_Driver/Src/stm32f4xx_hal.o
LOAD ./Drivers/STM32F4xx_HAL_Driver/Src/stm32f4xx_hal_cortex.o
LOAD ./Drivers/STM32F4xx_HAL_Driver/Src/stm32f4xx_hal_dma.o
LOAD ./Drivers/STM32F4xx_HAL_Driver/Src/stm32f4xx_hal_dma_ex.o
LOAD ./Drivers/STM32F4xx_HAL_Driver/Src/stm32f4xx_hal_exti.o
LOAD ./Drivers/STM32F4xx_HAL_Driver/Src/stm32f4xx_hal_flash.o
LOAD ./Drivers/STM32F4xx_HAL_Driver/Src/stm32f4xx_hal_flash_ex.o
LOAD ./Drivers/STM32F4xx_HAL_Driver/Src/stm32f4xx_hal_flash_ramfunc.o
LOAD ./Drivers/STM32F4xx_HAL_Driver/Src/stm32f4xx_hal_gpio.o
LOAD ./Drivers/STM32F4xx_HAL_Driver/Src/stm32f4xx_hal_pwr.o
LOAD ./Drivers/STM32F4xx_HAL_Driver/Src/stm32f4xx_hal_pwr_ex.o
LOAD ./Drivers/STM32F4xx_HAL_Driver/Src/stm32f4xx_hal_rcc.o
LOAD ./Drivers/STM32F4xx_HAL_Driver/Src/stm32f4xx_hal_rcc_ex.o
LOAD ./Drivers/STM32F4xx_HAL_Driver/Src/stm32f4xx_hal_tim.o
LOAD ./Drivers/STM32F4xx_HAL_Driver/Src/stm32f4xx_hal_tim_ex.o
LOAD ./Drivers/STM32F4xx_HAL_Driver/Src/stm32f4xx_hal_uart.o
START GROUP
LOAD e:/stm32ide/stm32cubeide_1.7.0/stm32cubeide/plugins/com.st.stm32cube.ide.mcu.externaltools.gnu-tools-for-stm32.9-2020-q2-update.win32_2.0.0.202105311346/tools/bin/../lib/gcc/arm-none-eabi/9.3.1/../../../../arm-none-eabi/lib/thumb/v7e-m+fp/hard\libstdc++_nano.a
LOAD e:/stm32ide/stm32cubeide_1.7.0/stm32cubeide/plugins/com.st.stm32cube.ide.mcu.externaltools.gnu-tools-for-stm32.9-2020-q2-update.win32_2.0.0.202105311346/tools/bin/../lib/gcc/arm-none-eabi/9.3.1/../../../../arm-none-eabi/lib/thumb/v7e-m+fp/hard\libsupc++_nano.a
END GROUP
LOAD e:/stm32ide/stm32cubeide_1.7.0/stm32cubeide/plugins/com.st.stm32cube.ide.mcu.externaltools.gnu-tools-for-stm32.9-2020-q2-update.win32_2.0.0.202105311346/tools/bin/../lib/gcc/arm-none-eabi/9.3.1/../../../../arm-none-eabi/lib/thumb/v7e-m+fp/hard\libstdc++_nano.a
LOAD e:/stm32ide/stm32cubeide_1.7.0/stm32cubeide/plugins/com.st.stm32cube.ide.mcu.externaltools.gnu-tools-for-stm32.9-2020-q2-update.win32_2.0.0.202105311346/tools/bin/../lib/gcc/arm-none-eabi/9.3.1/../../../../arm-none-eabi/lib/thumb/v7e-m+fp/hard\libm.a
LOAD e:/stm32ide/stm32cubeide_1.7.0/stm32cubeide/plugins/com.st.stm32cube.ide.mcu.externaltools.gnu-tools-for-stm32.9-2020-q2-update.win32_2.0.0.202105311346/tools/bin/../lib/gcc/arm-none-eabi/9.3.1/../../../../arm-none-eabi/lib/thumb/v7e-m+fp/hard\libc_nano.a
START GROUP
LOAD e:/stm32ide/stm32cubeide_1.7.0/stm32cubeide/plugins/com.st.stm32cube.ide.mcu.externaltools.gnu-tools-for-stm32.9-2020-q2-update.win32_2.0.0.202105311346/tools/bin/../lib/gcc/arm-none-eabi/9.3.1/thumb/v7e-m+fp/hard\libgcc.a
LOAD e:/stm32ide/stm32cubeide_1.7.0/stm32cubeide/plugins/com.st.stm32cube.ide.mcu.externaltools.gnu-tools-for-stm32.9-2020-q2-update.win32_2.0.0.202105311346/tools/bin/../lib/gcc/arm-none-eabi/9.3.1/../../../../arm-none-eabi/lib/thumb/v7e-m+fp/hard\libc_nano.a
END GROUP
START GROUP
LOAD e:/stm32ide/stm32cubeide_1.7.0/stm32cubeide/plugins/com.st.stm32cube.ide.mcu.externaltools.gnu-tools-for-stm32.9-2020-q2-update.win32_2.0.0.202105311346/tools/bin/../lib/gcc/arm-none-eabi/9.3.1/thumb/v7e-m+fp/hard\libgcc.a
LOAD e:/stm32ide/stm32cubeide_1.7.0/stm32cubeide/plugins/com.st.stm32cube.ide.mcu.externaltools.gnu-tools-for-stm32.9-2020-q2-update.win32_2.0.0.202105311346/tools/bin/../lib/gcc/arm-none-eabi/9.3.1/../../../../arm-none-eabi/lib/thumb/v7e-m+fp/hard\libc_nano.a
END GROUP
LOAD e:/stm32ide/stm32cubeide_1.7.0/stm32cubeide/plugins/com.st.stm32cube.ide.mcu.externaltools.gnu-tools-for-stm32.9-2020-q2-update.win32_2.0.0.202105311346/tools/bin/../lib/gcc/arm-none-eabi/9.3.1/thumb/v7e-m+fp/hard/crtend.o
LOAD e:/stm32ide/stm32cubeide_1.7.0/stm32cubeide/plugins/com.st.stm32cube.ide.mcu.externaltools.gnu-tools-for-stm32.9-2020-q2-update.win32_2.0.0.202105311346/tools/bin/../lib/gcc/arm-none-eabi/9.3.1/thumb/v7e-m+fp/hard/crtn.o
                0x0000000020020000                _estack = (ORIGIN (RAM) + LENGTH (RAM))
                0x0000000000000200                _Min_Heap_Size = 0x200
                0x0000000000000400                _Min_Stack_Size = 0x400

.isr_vector     0x0000000008000000      0x188
                0x0000000008000000                . = ALIGN (0x4)
 *(.isr_vector)
 .isr_vector    0x0000000008000000      0x188 ./Core/Startup/startup_stm32f407vetx.o
                0x0000000008000000                g_pfnVectors
                0x0000000008000188                . = ALIGN (0x4)

.text           0x0000000008000190    0x104e0
                0x0000000008000190                . = ALIGN (0x4)
 *(.text)
 .text          0x0000000008000190       0x40 e:/stm32ide/stm32cubeide_1.7.0/stm32cubeide/plugins/com.st.stm32cube.ide.mcu.externaltools.gnu-tools-for-stm32.9-2020-q2-update.win32_2.0.0.202105311346/tools/bin/../lib/gcc/arm-none-eabi/9.3.1/thumb/v7e-m+fp/hard/crtbegin.o
 .text          0x00000000080001d0       0x10 e:/stm32ide/stm32cubeide_1.7.0/stm32cubeide/plugins/com.st.stm32cube.ide.mcu.externaltools.gnu-tools-for-stm32.9-2020-q2-update.win32_2.0.0.202105311346/tools/bin/../lib/gcc/arm-none-eabi/9.3.1/../../../../arm-none-eabi/lib/thumb/v7e-m+fp/hard\libc_nano.a(lib_a-strlen.o)
                0x00000000080001d0                strlen
 .text          0x00000000080001e0       0xa0 e:/stm32ide/stm32cubeide_1.7.0/stm32cubeide/plugins/com.st.stm32cube.ide.mcu.externaltools.gnu-tools-for-stm32.9-2020-q2-update.win32_2.0.0.202105311346/tools/bin/../lib/gcc/arm-none-eabi/9.3.1/../../../../arm-none-eabi/lib/thumb/v7e-m+fp/hard\libc_nano.a(lib_a-memchr.o)
                0x00000000080001e0                memchr
 .text          0x0000000008000280      0x378 e:/stm32ide/stm32cubeide_1.7.0/stm32cubeide/plugins/com.st.stm32cube.ide.mcu.externaltools.gnu-tools-for-stm32.9-2020-q2-update.win32_2.0.0.202105311346/tools/bin/../lib/gcc/arm-none-eabi/9.3.1/thumb/v7e-m+fp/hard\libgcc.a(_arm_addsubdf3.o)
                0x0000000008000280                __aeabi_drsub
                0x0000000008000288                __aeabi_dsub
                0x0000000008000288                __subdf3
                0x000000000800028c                __aeabi_dadd
                0x000000000800028c                __adddf3
                0x0000000008000504                __floatunsidf
                0x0000000008000504                __aeabi_ui2d
                0x0000000008000524                __floatsidf
                0x0000000008000524                __aeabi_i2d
                0x0000000008000548                __aeabi_f2d
                0x0000000008000548                __extendsfdf2
                0x000000000800058c                __floatundidf
                0x000000000800058c                __aeabi_ul2d
                0x000000000800059c                __floatdidf
                0x000000000800059c                __aeabi_l2d
 .text          0x00000000080005f8      0x424 e:/stm32ide/stm32cubeide_1.7.0/stm32cubeide/plugins/com.st.stm32cube.ide.mcu.externaltools.gnu-tools-for-stm32.9-2020-q2-update.win32_2.0.0.202105311346/tools/bin/../lib/gcc/arm-none-eabi/9.3.1/thumb/v7e-m+fp/hard\libgcc.a(_arm_muldivdf3.o)
                0x00000000080005f8                __aeabi_dmul
                0x00000000080005f8                __muldf3
                0x000000000800084c                __divdf3
                0x000000000800084c                __aeabi_ddiv
 .text          0x0000000008000a1c      0x110 e:/stm32ide/stm32cubeide_1.7.0/stm32cubeide/plugins/com.st.stm32cube.ide.mcu.externaltools.gnu-tools-for-stm32.9-2020-q2-update.win32_2.0.0.202105311346/tools/bin/../lib/gcc/arm-none-eabi/9.3.1/thumb/v7e-m+fp/hard\libgcc.a(_arm_cmpdf2.o)
                0x0000000008000a1c                __gtdf2
                0x0000000008000a1c                __gedf2
                0x0000000008000a24                __ltdf2
                0x0000000008000a24                __ledf2
                0x0000000008000a2c                __nedf2
                0x0000000008000a2c                __eqdf2
                0x0000000008000a2c                __cmpdf2
                0x0000000008000aa8                __aeabi_cdrcmple
                0x0000000008000ab8                __aeabi_cdcmpeq
                0x0000000008000ab8                __aeabi_cdcmple
                0x0000000008000ac8                __aeabi_dcmpeq
                0x0000000008000adc                __aeabi_dcmplt
                0x0000000008000af0                __aeabi_dcmple
                0x0000000008000b04                __aeabi_dcmpge
                0x0000000008000b18                __aeabi_dcmpgt
 .text          0x0000000008000b2c       0x2c e:/stm32ide/stm32cubeide_1.7.0/stm32cubeide/plugins/com.st.stm32cube.ide.mcu.externaltools.gnu-tools-for-stm32.9-2020-q2-update.win32_2.0.0.202105311346/tools/bin/../lib/gcc/arm-none-eabi/9.3.1/thumb/v7e-m+fp/hard\libgcc.a(_arm_unorddf2.o)
                0x0000000008000b2c                __unorddf2
                0x0000000008000b2c                __aeabi_dcmpun
 .text          0x0000000008000b58       0x50 e:/stm32ide/stm32cubeide_1.7.0/stm32cubeide/plugins/com.st.stm32cube.ide.mcu.externaltools.gnu-tools-for-stm32.9-2020-q2-update.win32_2.0.0.202105311346/tools/bin/../lib/gcc/arm-none-eabi/9.3.1/thumb/v7e-m+fp/hard\libgcc.a(_arm_fixdfsi.o)
                0x0000000008000b58                __aeabi_d2iz
                0x0000000008000b58                __fixdfsi
 .text          0x0000000008000ba8       0x40 e:/stm32ide/stm32cubeide_1.7.0/stm32cubeide/plugins/com.st.stm32cube.ide.mcu.externaltools.gnu-tools-for-stm32.9-2020-q2-update.win32_2.0.0.202105311346/tools/bin/../lib/gcc/arm-none-eabi/9.3.1/thumb/v7e-m+fp/hard\libgcc.a(_arm_fixunsdfsi.o)
                0x0000000008000ba8                __aeabi_d2uiz
                0x0000000008000ba8                __fixunsdfsi
 .text          0x0000000008000be8       0xa0 e:/stm32ide/stm32cubeide_1.7.0/stm32cubeide/plugins/com.st.stm32cube.ide.mcu.externaltools.gnu-tools-for-stm32.9-2020-q2-update.win32_2.0.0.202105311346/tools/bin/../lib/gcc/arm-none-eabi/9.3.1/thumb/v7e-m+fp/hard\libgcc.a(_arm_truncdfsf2.o)
                0x0000000008000be8                __truncdfsf2
                0x0000000008000be8                __aeabi_d2f
 .text          0x0000000008000c88       0x30 e:/stm32ide/stm32cubeide_1.7.0/stm32cubeide/plugins/com.st.stm32cube.ide.mcu.externaltools.gnu-tools-for-stm32.9-2020-q2-update.win32_2.0.0.202105311346/tools/bin/../lib/gcc/arm-none-eabi/9.3.1/thumb/v7e-m+fp/hard\libgcc.a(_aeabi_uldivmod.o)
                0x0000000008000c88                __aeabi_uldivmod
 .text          0x0000000008000cb8       0x30 e:/stm32ide/stm32cubeide_1.7.0/stm32cubeide/plugins/com.st.stm32cube.ide.mcu.externaltools.gnu-tools-for-stm32.9-2020-q2-update.win32_2.0.0.202105311346/tools/bin/../lib/gcc/arm-none-eabi/9.3.1/thumb/v7e-m+fp/hard\libgcc.a(_fixdfdi.o)
                0x0000000008000cb8                __fixdfdi
                0x0000000008000cb8                __aeabi_d2lz
 .text          0x0000000008000ce8       0x3c e:/stm32ide/stm32cubeide_1.7.0/stm32cubeide/plugins/com.st.stm32cube.ide.mcu.externaltools.gnu-tools-for-stm32.9-2020-q2-update.win32_2.0.0.202105311346/tools/bin/../lib/gcc/arm-none-eabi/9.3.1/thumb/v7e-m+fp/hard\libgcc.a(_fixunsdfdi.o)
                0x0000000008000ce8                __fixunsdfdi
                0x0000000008000ce8                __aeabi_d2ulz
 .text          0x0000000008000d24      0x2c4 e:/stm32ide/stm32cubeide_1.7.0/stm32cubeide/plugins/com.st.stm32cube.ide.mcu.externaltools.gnu-tools-for-stm32.9-2020-q2-update.win32_2.0.0.202105311346/tools/bin/../lib/gcc/arm-none-eabi/9.3.1/thumb/v7e-m+fp/hard\libgcc.a(_udivmoddi4.o)
                0x0000000008000d24                __udivmoddi4
 .text          0x0000000008000fe8        0x4 e:/stm32ide/stm32cubeide_1.7.0/stm32cubeide/plugins/com.st.stm32cube.ide.mcu.externaltools.gnu-tools-for-stm32.9-2020-q2-update.win32_2.0.0.202105311346/tools/bin/../lib/gcc/arm-none-eabi/9.3.1/thumb/v7e-m+fp/hard\libgcc.a(_dvmd_tls.o)
                0x0000000008000fe8                __aeabi_idiv0
                0x0000000008000fe8                __aeabi_ldiv0
 *(.text*)
 .text.HAL_TIM_IC_CaptureCallback
                0x0000000008000fec      0x278 ./Core/Src/ir.o
                0x0000000008000fec                HAL_TIM_IC_CaptureCallback
 .text.check_ir_signal
                0x0000000008001264       0x28 ./Core/Src/ir.o
                0x0000000008001264                check_ir_signal
 .text.check_ir1
                0x000000000800128c      0x11c ./Core/Src/ir.o
                0x000000000800128c                check_ir1
 .text.HAL_TIM_PeriodElapsedCallback
                0x00000000080013a8       0x54 ./Core/Src/ir.o
                0x00000000080013a8                HAL_TIM_PeriodElapsedCallback
 .text.__io_putchar
                0x00000000080013fc       0x24 ./Core/Src/main.o
                0x00000000080013fc                __io_putchar
 .text.DC1_thuan
                0x0000000008001420       0x3c ./Core/Src/main.o
                0x0000000008001420                DC1_thuan
 .text.DC1_nghich
                0x000000000800145c       0x3c ./Core/Src/main.o
                0x000000000800145c                DC1_nghich
 .text.DC2_nghich
                0x0000000008001498       0x38 ./Core/Src/main.o
                0x0000000008001498                DC2_nghich
 .text.DC2_thuan
                0x00000000080014d0       0x38 ./Core/Src/main.o
                0x00000000080014d0                DC2_thuan
 .text.lui      0x0000000008001508       0x24 ./Core/Src/main.o
                0x0000000008001508                lui
 .text.tien     0x000000000800152c       0x24 ./Core/Src/main.o
                0x000000000800152c                tien
 .text.Xoay_Trai
                0x0000000008001550       0x24 ./Core/Src/main.o
                0x0000000008001550                Xoay_Trai
 .text.Xoay_Phai
                0x0000000008001574       0x24 ./Core/Src/main.o
                0x0000000008001574                Xoay_Phai
 .text.dung     0x0000000008001598       0x58 ./Core/Src/main.o
                0x0000000008001598                dung
 .text.main     0x00000000080015f0       0x94 ./Core/Src/main.o
                0x00000000080015f0                main
 .text.SystemClock_Config
                0x0000000008001684       0xd4 ./Core/Src/main.o
                0x0000000008001684                SystemClock_Config
 .text.MX_TIM1_Init
                0x0000000008001758      0x158 ./Core/Src/main.o
 .text.MX_TIM2_Init
                0x00000000080018b0       0xe0 ./Core/Src/main.o
 .text.MX_TIM3_Init
                0x0000000008001990       0x9c ./Core/Src/main.o
 .text.MX_TIM4_Init
                0x0000000008001a2c       0xe0 ./Core/Src/main.o
 .text.MX_TIM5_Init
                0x0000000008001b0c       0xe0 ./Core/Src/main.o
 .text.MX_TIM6_Init
                0x0000000008001bec       0x6c ./Core/Src/main.o
 .text.MX_TIM9_Init
                0x0000000008001c58       0x74 ./Core/Src/main.o
 .text.MX_USART1_UART_Init
                0x0000000008001ccc       0x54 ./Core/Src/main.o
 .text.MX_USART2_UART_Init
                0x0000000008001d20       0x54 ./Core/Src/main.o
 .text.MX_USART3_UART_Init
                0x0000000008001d74       0x54 ./Core/Src/main.o
 .text.MX_DMA_Init
                0x0000000008001dc8       0x50 ./Core/Src/main.o
 .text.MX_GPIO_Init
                0x0000000008001e18      0x1a8 ./Core/Src/main.o
 .text.Error_Handler
                0x0000000008001fc0        0xa ./Core/Src/main.o
                0x0000000008001fc0                Error_Handler
 .text._ZN3ros4TimeC2Ev
                0x0000000008001fca       0x22 ./Core/Src/mainpp.o
                0x0000000008001fca                ros::Time::Time()
                0x0000000008001fca                ros::Time::Time()
 .text._ZN3ros3MsgC2Ev
                0x0000000008001fec       0x20 ./Core/Src/mainpp.o
                0x0000000008001fec                ros::Msg::Msg()
                0x0000000008001fec                ros::Msg::Msg()
 .text._ZN8std_msgs4TimeC2Ev
                0x000000000800200c       0x30 ./Core/Src/mainpp.o
                0x000000000800200c                std_msgs::Time::Time()
                0x000000000800200c                std_msgs::Time::Time()
 .text._ZNK8std_msgs4Time9serializeEPh
                0x000000000800203c       0xb0 ./Core/Src/mainpp.o
                0x000000000800203c                std_msgs::Time::serialize(unsigned char*) const
 .text._ZN8std_msgs4Time11deserializeEPh
                0x00000000080020ec       0xc8 ./Core/Src/mainpp.o
                0x00000000080020ec                std_msgs::Time::deserialize(unsigned char*)
 .text._ZN8std_msgs4Time7getTypeEv
                0x00000000080021b4       0x1c ./Core/Src/mainpp.o
                0x00000000080021b4                std_msgs::Time::getType()
 .text._ZN8std_msgs4Time6getMD5Ev
                0x00000000080021d0       0x1c ./Core/Src/mainpp.o
                0x00000000080021d0                std_msgs::Time::getMD5()
 .text._ZN14rosserial_msgs9TopicInfoC2Ev
                0x00000000080021ec       0x48 ./Core/Src/mainpp.o
                0x00000000080021ec                rosserial_msgs::TopicInfo::TopicInfo()
                0x00000000080021ec                rosserial_msgs::TopicInfo::TopicInfo()
 .text._ZNK14rosserial_msgs9TopicInfo9serializeEPh
                0x0000000008002234      0x136 ./Core/Src/mainpp.o
                0x0000000008002234                rosserial_msgs::TopicInfo::serialize(unsigned char*) const
 .text._ZN14rosserial_msgs9TopicInfo11deserializeEPh
                0x000000000800236a      0x1d0 ./Core/Src/mainpp.o
                0x000000000800236a                rosserial_msgs::TopicInfo::deserialize(unsigned char*)
 *fill*         0x000000000800253a        0x2 
 .text._ZN14rosserial_msgs9TopicInfo7getTypeEv
                0x000000000800253c       0x1c ./Core/Src/mainpp.o
                0x000000000800253c                rosserial_msgs::TopicInfo::getType()
 .text._ZN14rosserial_msgs9TopicInfo6getMD5Ev
                0x0000000008002558       0x1c ./Core/Src/mainpp.o
                0x0000000008002558                rosserial_msgs::TopicInfo::getMD5()
 .text._ZN14rosserial_msgs3LogC2Ev
                0x0000000008002574       0x34 ./Core/Src/mainpp.o
                0x0000000008002574                rosserial_msgs::Log::Log()
                0x0000000008002574                rosserial_msgs::Log::Log()
 .text._ZNK14rosserial_msgs3Log9serializeEPh
                0x00000000080025a8       0x64 ./Core/Src/mainpp.o
                0x00000000080025a8                rosserial_msgs::Log::serialize(unsigned char*) const
 .text._ZN14rosserial_msgs3Log11deserializeEPh
                0x000000000800260c       0x90 ./Core/Src/mainpp.o
                0x000000000800260c                rosserial_msgs::Log::deserialize(unsigned char*)
 .text._ZN14rosserial_msgs3Log7getTypeEv
                0x000000000800269c       0x1c ./Core/Src/mainpp.o
                0x000000000800269c                rosserial_msgs::Log::getType()
 .text._ZN14rosserial_msgs3Log6getMD5Ev
                0x00000000080026b8       0x1c ./Core/Src/mainpp.o
                0x00000000080026b8                rosserial_msgs::Log::getMD5()
 .text._ZN14rosserial_msgs20RequestParamResponseC2Ev
                0x00000000080026d4       0x5c ./Core/Src/mainpp.o
                0x00000000080026d4                rosserial_msgs::RequestParamResponse::RequestParamResponse()
                0x00000000080026d4                rosserial_msgs::RequestParamResponse::RequestParamResponse()
 .text._ZNK14rosserial_msgs20RequestParamResponse9serializeEPh
                0x0000000008002730      0x222 ./Core/Src/mainpp.o
                0x0000000008002730                rosserial_msgs::RequestParamResponse::serialize(unsigned char*) const
 .text._ZN14rosserial_msgs20RequestParamResponse11deserializeEPh
                0x0000000008002952      0x2e2 ./Core/Src/mainpp.o
                0x0000000008002952                rosserial_msgs::RequestParamResponse::deserialize(unsigned char*)
 .text._ZN14rosserial_msgs20RequestParamResponse7getTypeEv
                0x0000000008002c34       0x1c ./Core/Src/mainpp.o
                0x0000000008002c34                rosserial_msgs::RequestParamResponse::getType()
 .text._ZN14rosserial_msgs20RequestParamResponse6getMD5Ev
                0x0000000008002c50       0x1c ./Core/Src/mainpp.o
                0x0000000008002c50                rosserial_msgs::RequestParamResponse::getMD5()
 .text._ZN3ros9PublisherC2EPKcPNS_3MsgEi
                0x0000000008002c6c       0x2e ./Core/Src/mainpp.o
                0x0000000008002c6c                ros::Publisher::Publisher(char const*, ros::Msg*, int)
                0x0000000008002c6c                ros::Publisher::Publisher(char const*, ros::Msg*, int)
 .text._ZN3ros9Publisher7publishEPKNS_3MsgE
                0x0000000008002c9a       0x28 ./Core/Src/mainpp.o
                0x0000000008002c9a                ros::Publisher::publish(ros::Msg const*)
 .text._ZN3ros9Publisher15getEndpointTypeEv
                0x0000000008002cc2       0x18 ./Core/Src/mainpp.o
                0x0000000008002cc2                ros::Publisher::getEndpointType()
 .text._ZN13STM32Hardware10getRdmaIndEv
                0x0000000008002cda       0x26 ./Core/Src/mainpp.o
                0x0000000008002cda                STM32Hardware::getRdmaInd()
 .text._ZN13STM32HardwareC2Ev
                0x0000000008002d00       0x38 ./Core/Src/mainpp.o
                0x0000000008002d00                STM32Hardware::STM32Hardware()
                0x0000000008002d00                STM32Hardware::STM32Hardware()
 .text._ZN13STM32Hardware4initEv
                0x0000000008002d38       0x16 ./Core/Src/mainpp.o
                0x0000000008002d38                STM32Hardware::init()
 .text._ZN13STM32Hardware10reset_rbufEv
                0x0000000008002d4e       0x22 ./Core/Src/mainpp.o
                0x0000000008002d4e                STM32Hardware::reset_rbuf()
 .text._ZN13STM32Hardware4readEv
                0x0000000008002d70       0x5a ./Core/Src/mainpp.o
                0x0000000008002d70                STM32Hardware::read()
 *fill*         0x0000000008002dca        0x2 
 .text._ZN13STM32Hardware5flushEv
                0x0000000008002dcc       0xbc ./Core/Src/mainpp.o
                0x0000000008002dcc                STM32Hardware::flush()
 .text._ZN13STM32Hardware5writeEPhi
                0x0000000008002e88       0x8c ./Core/Src/mainpp.o
                0x0000000008002e88                STM32Hardware::write(unsigned char*, int)
 .text._ZN13STM32Hardware4timeEv
                0x0000000008002f14       0x16 ./Core/Src/mainpp.o
                0x0000000008002f14                STM32Hardware::time()
 *fill*         0x0000000008002f2a        0x2 
 .text._ZN8std_msgs4Int8C2Ev
                0x0000000008002f2c       0x2c ./Core/Src/mainpp.o
                0x0000000008002f2c                std_msgs::Int8::Int8()
                0x0000000008002f2c                std_msgs::Int8::Int8()
 .text._ZNK8std_msgs4Int89serializeEPh
                0x0000000008002f58       0x34 ./Core/Src/mainpp.o
                0x0000000008002f58                std_msgs::Int8::serialize(unsigned char*) const
 .text._ZN8std_msgs4Int811deserializeEPh
                0x0000000008002f8c       0x3e ./Core/Src/mainpp.o
                0x0000000008002f8c                std_msgs::Int8::deserialize(unsigned char*)
 *fill*         0x0000000008002fca        0x2 
 .text._ZN8std_msgs4Int87getTypeEv
                0x0000000008002fcc       0x1c ./Core/Src/mainpp.o
                0x0000000008002fcc                std_msgs::Int8::getType()
 .text._ZN8std_msgs4Int86getMD5Ev
                0x0000000008002fe8       0x1c ./Core/Src/mainpp.o
                0x0000000008002fe8                std_msgs::Int8::getMD5()
 .text._ZN13geometry_msgs7Vector3C2Ev
                0x0000000008003004       0x50 ./Core/Src/mainpp.o
                0x0000000008003004                geometry_msgs::Vector3::Vector3()
                0x0000000008003004                geometry_msgs::Vector3::Vector3()
 .text._ZNK13geometry_msgs7Vector39serializeEPh
                0x0000000008003054      0x2e6 ./Core/Src/mainpp.o
                0x0000000008003054                geometry_msgs::Vector3::serialize(unsigned char*) const
 .text._ZN13geometry_msgs7Vector311deserializeEPh
                0x000000000800333a      0x5ba ./Core/Src/mainpp.o
                0x000000000800333a                geometry_msgs::Vector3::deserialize(unsigned char*)
 .text._ZN13geometry_msgs7Vector37getTypeEv
                0x00000000080038f4       0x1c ./Core/Src/mainpp.o
                0x00000000080038f4                geometry_msgs::Vector3::getType()
 .text._ZN13geometry_msgs7Vector36getMD5Ev
                0x0000000008003910       0x1c ./Core/Src/mainpp.o
                0x0000000008003910                geometry_msgs::Vector3::getMD5()
 .text._ZN13geometry_msgs5TwistC2Ev
                0x000000000800392c       0x38 ./Core/Src/mainpp.o
                0x000000000800392c                geometry_msgs::Twist::Twist()
                0x000000000800392c                geometry_msgs::Twist::Twist()
 .text._ZNK13geometry_msgs5Twist9serializeEPh
                0x0000000008003964       0x4c ./Core/Src/mainpp.o
                0x0000000008003964                geometry_msgs::Twist::serialize(unsigned char*) const
 .text._ZN13geometry_msgs5Twist11deserializeEPh
                0x00000000080039b0       0x4c ./Core/Src/mainpp.o
                0x00000000080039b0                geometry_msgs::Twist::deserialize(unsigned char*)
 .text._ZN13geometry_msgs5Twist7getTypeEv
                0x00000000080039fc       0x1c ./Core/Src/mainpp.o
                0x00000000080039fc                geometry_msgs::Twist::getType()
 .text._ZN13geometry_msgs5Twist6getMD5Ev
                0x0000000008003a18       0x1c ./Core/Src/mainpp.o
                0x0000000008003a18                geometry_msgs::Twist::getMD5()
 .text._ZN8std_msgs6HeaderC2Ev
                0x0000000008003a34       0x40 ./Core/Src/mainpp.o
                0x0000000008003a34                std_msgs::Header::Header()
                0x0000000008003a34                std_msgs::Header::Header()
 .text._ZNK8std_msgs6Header9serializeEPh
                0x0000000008003a74      0x130 ./Core/Src/mainpp.o
                0x0000000008003a74                std_msgs::Header::serialize(unsigned char*) const
 .text._ZN8std_msgs6Header11deserializeEPh
                0x0000000008003ba4      0x180 ./Core/Src/mainpp.o
                0x0000000008003ba4                std_msgs::Header::deserialize(unsigned char*)
 .text._ZN8std_msgs6Header7getTypeEv
                0x0000000008003d24       0x1c ./Core/Src/mainpp.o
                0x0000000008003d24                std_msgs::Header::getType()
 .text._ZN8std_msgs6Header6getMD5Ev
                0x0000000008003d40       0x1c ./Core/Src/mainpp.o
                0x0000000008003d40                std_msgs::Header::getMD5()
 .text._ZN13geometry_msgs10QuaternionC2Ev
                0x0000000008003d5c       0x5c ./Core/Src/mainpp.o
                0x0000000008003d5c                geometry_msgs::Quaternion::Quaternion()
                0x0000000008003d5c                geometry_msgs::Quaternion::Quaternion()
 .text._ZNK13geometry_msgs10Quaternion9serializeEPh
                0x0000000008003db8      0x3d4 ./Core/Src/mainpp.o
                0x0000000008003db8                geometry_msgs::Quaternion::serialize(unsigned char*) const
 .text._ZN13geometry_msgs10Quaternion11deserializeEPh
                0x000000000800418c      0x7ba ./Core/Src/mainpp.o
                0x000000000800418c                geometry_msgs::Quaternion::deserialize(unsigned char*)
 *fill*         0x0000000008004946        0x2 
 .text._ZN13geometry_msgs10Quaternion7getTypeEv
                0x0000000008004948       0x1c ./Core/Src/mainpp.o
                0x0000000008004948                geometry_msgs::Quaternion::getType()
 .text._ZN13geometry_msgs10Quaternion6getMD5Ev
                0x0000000008004964       0x1c ./Core/Src/mainpp.o
                0x0000000008004964                geometry_msgs::Quaternion::getMD5()
 .text._ZN11sensor_msgs3ImuC2Ev
                0x0000000008004980       0xa8 ./Core/Src/mainpp.o
                0x0000000008004980                sensor_msgs::Imu::Imu()
                0x0000000008004980                sensor_msgs::Imu::Imu()
 .text._ZNK11sensor_msgs3Imu9serializeEPh
                0x0000000008004a28      0x396 ./Core/Src/mainpp.o
                0x0000000008004a28                sensor_msgs::Imu::serialize(unsigned char*) const
 .text._ZN11sensor_msgs3Imu11deserializeEPh
                0x0000000008004dbe      0x6ca ./Core/Src/mainpp.o
                0x0000000008004dbe                sensor_msgs::Imu::deserialize(unsigned char*)
 .text._ZN11sensor_msgs3Imu7getTypeEv
                0x0000000008005488       0x1c ./Core/Src/mainpp.o
                0x0000000008005488                sensor_msgs::Imu::getType()
 .text._ZN11sensor_msgs3Imu6getMD5Ev
                0x00000000080054a4       0x1c ./Core/Src/mainpp.o
                0x00000000080054a4                sensor_msgs::Imu::getMD5()
 .text._ZN3ros15NodeHandleBase_C2Ev
                0x00000000080054c0       0x20 ./Core/Src/mainpp.o
                0x00000000080054c0                ros::NodeHandleBase_::NodeHandleBase_()
                0x00000000080054c0                ros::NodeHandleBase_::NodeHandleBase_()
 .text._ZN3ros11NodeHandle_I13STM32HardwareLi25ELi25ELi512ELi512EEC2Ev
                0x00000000080054e0       0xf0 ./Core/Src/mainpp.o
                0x00000000080054e0                ros::NodeHandle_<STM32Hardware, 25, 25, 512, 512>::NodeHandle_()
                0x00000000080054e0                ros::NodeHandle_<STM32Hardware, 25, 25, 512, 512>::NodeHandle_()
 .text.HAL_UART_TxCpltCallback
                0x00000000080055d0       0x24 ./Core/Src/mainpp.o
                0x00000000080055d0                HAL_UART_TxCpltCallback
 .text.HAL_UART_RxCpltCallback
                0x00000000080055f4       0xf8 ./Core/Src/mainpp.o
                0x00000000080055f4                HAL_UART_RxCpltCallback
 .text.setup    0x00000000080056ec       0x54 ./Core/Src/mainpp.o
                0x00000000080056ec                setup
 .text.loop     0x0000000008005740      0x280 ./Core/Src/mainpp.o
                0x0000000008005740                loop
 .text._Z14messageCb_dockRKN8std_msgs4Int8E
                0x00000000080059c0       0x24 ./Core/Src/mainpp.o
                0x00000000080059c0                messageCb_dock(std_msgs::Int8 const&)
 .text._Z9messageCbRKN13geometry_msgs5TwistE
                0x00000000080059e4       0x50 ./Core/Src/mainpp.o
                0x00000000080059e4                messageCb(geometry_msgs::Twist const&)
 *fill*         0x0000000008005a34        0x4 
 .text._Z52convert_vel_linear_and_angular_to_vel_linear_2_wheeldd
                0x0000000008005a38       0xc8 ./Core/Src/mainpp.o
                0x0000000008005a38                convert_vel_linear_and_angular_to_vel_linear_2_wheel(double, double)
 .text.convert_vel_linear_2_wheel_to_vel_linear_and_angular
                0x0000000008005b00       0xb0 ./Core/Src/mainpp.o
                0x0000000008005b00                convert_vel_linear_2_wheel_to_vel_linear_and_angular
 .text._ZN3ros3Msg8varToArrIPhmEEvT_T0_
                0x0000000008005bb0       0x3c ./Core/Src/mainpp.o
                0x0000000008005bb0                void ros::Msg::varToArr<unsigned char*, unsigned long>(unsigned char*, unsigned long)
 .text._ZN3ros3Msg8arrToVarImPhEEvRT_T0_
                0x0000000008005bec       0x4a ./Core/Src/mainpp.o
                0x0000000008005bec                void ros::Msg::arrToVar<unsigned long, unsigned char*>(unsigned long&, unsigned char*)
 *fill*         0x0000000008005c36        0x2 
 .text._ZN3ros11Subscriber_C2Ev
                0x0000000008005c38       0x20 ./Core/Src/mainpp.o
                0x0000000008005c38                ros::Subscriber_::Subscriber_()
                0x0000000008005c38                ros::Subscriber_::Subscriber_()
 .text._ZN3ros10SubscriberIN13geometry_msgs5TwistEvEC2EPKcPFvRKS2_Ei
                0x0000000008005c58       0x48 ./Core/Src/mainpp.o
                0x0000000008005c58                ros::Subscriber<geometry_msgs::Twist, void>::Subscriber(char const*, void (*)(geometry_msgs::Twist const&), int)
                0x0000000008005c58                ros::Subscriber<geometry_msgs::Twist, void>::Subscriber(char const*, void (*)(geometry_msgs::Twist const&), int)
 .text._ZN3ros10SubscriberIN8std_msgs4Int8EvEC2EPKcPFvRKS2_Ei
                0x0000000008005ca0       0x48 ./Core/Src/mainpp.o
                0x0000000008005ca0                ros::Subscriber<std_msgs::Int8, void>::Subscriber(char const*, void (*)(std_msgs::Int8 const&), int)
                0x0000000008005ca0                ros::Subscriber<std_msgs::Int8, void>::Subscriber(char const*, void (*)(std_msgs::Int8 const&), int)
 .text._ZN3ros11NodeHandle_I13STM32HardwareLi25ELi25ELi512ELi512EE11getHardwareEv
                0x0000000008005ce8       0x18 ./Core/Src/mainpp.o
                0x0000000008005ce8                ros::NodeHandle_<STM32Hardware, 25, 25, 512, 512>::getHardware()
 .text._ZN3ros11NodeHandle_I13STM32HardwareLi25ELi25ELi512ELi512EE8initNodeEv
                0x0000000008005d00       0x3a ./Core/Src/mainpp.o
                0x0000000008005d00                ros::NodeHandle_<STM32Hardware, 25, 25, 512, 512>::initNode()
 .text._ZN3ros11NodeHandle_I13STM32HardwareLi25ELi25ELi512ELi512EE9subscribeERNS_11Subscriber_E
                0x0000000008005d3a       0x56 ./Core/Src/mainpp.o
                0x0000000008005d3a                ros::NodeHandle_<STM32Hardware, 25, 25, 512, 512>::subscribe(ros::Subscriber_&)
 .text._ZN3ros11NodeHandle_I13STM32HardwareLi25ELi25ELi512ELi512EE9advertiseERNS_9PublisherE
                0x0000000008005d90       0x60 ./Core/Src/mainpp.o
                0x0000000008005d90                ros::NodeHandle_<STM32Hardware, 25, 25, 512, 512>::advertise(ros::Publisher&)
 .text._ZN3ros11NodeHandle_I13STM32HardwareLi25ELi25ELi512ELi512EE3nowEv
                0x0000000008005df0       0x78 ./Core/Src/mainpp.o
                0x0000000008005df0                ros::NodeHandle_<STM32Hardware, 25, 25, 512, 512>::now()
 .text._ZN3ros11NodeHandle_I13STM32HardwareLi25ELi25ELi512ELi512EE8spinOnceEv
                0x0000000008005e68      0x3b2 ./Core/Src/mainpp.o
                0x0000000008005e68                ros::NodeHandle_<STM32Hardware, 25, 25, 512, 512>::spinOnce()
 .text._ZN3ros11NodeHandle_I13STM32HardwareLi25ELi25ELi512ELi512EE15requestSyncTimeEv
                0x000000000800621a       0x3c ./Core/Src/mainpp.o
                0x000000000800621a                ros::NodeHandle_<STM32Hardware, 25, 25, 512, 512>::requestSyncTime()
 .text._ZN3ros11NodeHandle_I13STM32HardwareLi25ELi25ELi512ELi512EE15negotiateTopicsEv
                0x0000000008006256      0x1be ./Core/Src/mainpp.o
                0x0000000008006256                ros::NodeHandle_<STM32Hardware, 25, 25, 512, 512>::negotiateTopics()
 .text._ZN3ros11NodeHandle_I13STM32HardwareLi25ELi25ELi512ELi512EE8syncTimeEPh
                0x0000000008006414       0x98 ./Core/Src/mainpp.o
                0x0000000008006414                ros::NodeHandle_<STM32Hardware, 25, 25, 512, 512>::syncTime(unsigned char*)
 .text._ZN3ros11NodeHandle_I13STM32HardwareLi25ELi25ELi512ELi512EE7publishEiPKNS_3MsgE
                0x00000000080064ac      0x124 ./Core/Src/mainpp.o
                0x00000000080064ac                ros::NodeHandle_<STM32Hardware, 25, 25, 512, 512>::publish(int, ros::Msg const*)
 .text._ZN3ros11NodeHandle_I13STM32HardwareLi25ELi25ELi512ELi512EE6setNowERKNS_4TimeE
                0x00000000080065d0       0x80 ./Core/Src/mainpp.o
                0x00000000080065d0                ros::NodeHandle_<STM32Hardware, 25, 25, 512, 512>::setNow(ros::Time const&)
 .text._ZN3ros11NodeHandle_I13STM32HardwareLi25ELi25ELi512ELi512EE8logerrorEPKc
                0x0000000008006650       0x1c ./Core/Src/mainpp.o
                0x0000000008006650                ros::NodeHandle_<STM32Hardware, 25, 25, 512, 512>::logerror(char const*)
 .text._ZN3ros11NodeHandle_I13STM32HardwareLi25ELi25ELi512ELi512EE3logEcPKc
                0x000000000800666c       0x38 ./Core/Src/mainpp.o
                0x000000000800666c                ros::NodeHandle_<STM32Hardware, 25, 25, 512, 512>::log(char, char const*)
 .text._Z41__static_initialization_and_destruction_0ii
                0x00000000080066a4       0xa8 ./Core/Src/mainpp.o
 .text._ZN3ros10SubscriberIN8std_msgs4Int8EvE8callbackEPh
                0x000000000800674c       0x2a ./Core/Src/mainpp.o
                0x000000000800674c                ros::Subscriber<std_msgs::Int8, void>::callback(unsigned char*)
 .text._ZN3ros10SubscriberIN8std_msgs4Int8EvE15getEndpointTypeEv
                0x0000000008006776       0x18 ./Core/Src/mainpp.o
                0x0000000008006776                ros::Subscriber<std_msgs::Int8, void>::getEndpointType()
 .text._ZN3ros10SubscriberIN8std_msgs4Int8EvE10getMsgTypeEv
                0x000000000800678e       0x1c ./Core/Src/mainpp.o
                0x000000000800678e                ros::Subscriber<std_msgs::Int8, void>::getMsgType()
 .text._ZN3ros10SubscriberIN8std_msgs4Int8EvE9getMsgMD5Ev
                0x00000000080067aa       0x1c ./Core/Src/mainpp.o
                0x00000000080067aa                ros::Subscriber<std_msgs::Int8, void>::getMsgMD5()
 .text._ZN3ros10SubscriberIN13geometry_msgs5TwistEvE8callbackEPh
                0x00000000080067c6       0x2a ./Core/Src/mainpp.o
                0x00000000080067c6                ros::Subscriber<geometry_msgs::Twist, void>::callback(unsigned char*)
 .text._ZN3ros10SubscriberIN13geometry_msgs5TwistEvE15getEndpointTypeEv
                0x00000000080067f0       0x18 ./Core/Src/mainpp.o
                0x00000000080067f0                ros::Subscriber<geometry_msgs::Twist, void>::getEndpointType()
 .text._ZN3ros10SubscriberIN13geometry_msgs5TwistEvE10getMsgTypeEv
                0x0000000008006808       0x1c ./Core/Src/mainpp.o
                0x0000000008006808                ros::Subscriber<geometry_msgs::Twist, void>::getMsgType()
 .text._ZN3ros10SubscriberIN13geometry_msgs5TwistEvE9getMsgMD5Ev
                0x0000000008006824       0x1c ./Core/Src/mainpp.o
                0x0000000008006824                ros::Subscriber<geometry_msgs::Twist, void>::getMsgMD5()
 .text._ZN3ros11NodeHandle_I13STM32HardwareLi25ELi25ELi512ELi512EE9connectedEv
                0x0000000008006840       0x1a ./Core/Src/mainpp.o
                0x0000000008006840                ros::NodeHandle_<STM32Hardware, 25, 25, 512, 512>::connected()
 .text._GLOBAL__sub_I_Vx
                0x000000000800685a       0x10 ./Core/Src/mainpp.o
 *fill*         0x000000000800686a        0x2 
 .text.HAL_MspInit
                0x000000000800686c       0x50 ./Core/Src/stm32f4xx_hal_msp.o
                0x000000000800686c                HAL_MspInit
 .text.HAL_TIM_Base_MspInit
                0x00000000080068bc      0x270 ./Core/Src/stm32f4xx_hal_msp.o
                0x00000000080068bc                HAL_TIM_Base_MspInit
 .text.HAL_TIM_MspPostInit
                0x0000000008006b2c       0xb8 ./Core/Src/stm32f4xx_hal_msp.o
                0x0000000008006b2c                HAL_TIM_MspPostInit
 .text.HAL_UART_MspInit
                0x0000000008006be4      0x260 ./Core/Src/stm32f4xx_hal_msp.o
                0x0000000008006be4                HAL_UART_MspInit
 *fill*         0x0000000008006e44        0x4 
 .text.PID_control_DC1
                0x0000000008006e48      0x234 ./Core/Src/stm32f4xx_it.o
                0x0000000008006e48                PID_control_DC1
 *fill*         0x000000000800707c        0x4 
 .text.PID_control_DC2
                0x0000000008007080      0x234 ./Core/Src/stm32f4xx_it.o
                0x0000000008007080                PID_control_DC2
 .text.NMI_Handler
                0x00000000080072b4        0x6 ./Core/Src/stm32f4xx_it.o
                0x00000000080072b4                NMI_Handler
 .text.HardFault_Handler
                0x00000000080072ba        0x6 ./Core/Src/stm32f4xx_it.o
                0x00000000080072ba                HardFault_Handler
 .text.MemManage_Handler
                0x00000000080072c0        0x6 ./Core/Src/stm32f4xx_it.o
                0x00000000080072c0                MemManage_Handler
 .text.BusFault_Handler
                0x00000000080072c6        0x6 ./Core/Src/stm32f4xx_it.o
                0x00000000080072c6                BusFault_Handler
 .text.UsageFault_Handler
                0x00000000080072cc        0x6 ./Core/Src/stm32f4xx_it.o
                0x00000000080072cc                UsageFault_Handler
 .text.SVC_Handler
                0x00000000080072d2        0xe ./Core/Src/stm32f4xx_it.o
                0x00000000080072d2                SVC_Handler
 .text.DebugMon_Handler
                0x00000000080072e0        0xe ./Core/Src/stm32f4xx_it.o
                0x00000000080072e0                DebugMon_Handler
 .text.PendSV_Handler
                0x00000000080072ee        0xe ./Core/Src/stm32f4xx_it.o
                0x00000000080072ee                PendSV_Handler
 .text.SysTick_Handler
                0x00000000080072fc        0xc ./Core/Src/stm32f4xx_it.o
                0x00000000080072fc                SysTick_Handler
 .text.EXTI1_IRQHandler
                0x0000000008007308       0x48 ./Core/Src/stm32f4xx_it.o
                0x0000000008007308                EXTI1_IRQHandler
 .text.DMA1_Stream5_IRQHandler
                0x0000000008007350       0x14 ./Core/Src/stm32f4xx_it.o
                0x0000000008007350                DMA1_Stream5_IRQHandler
 .text.DMA1_Stream6_IRQHandler
                0x0000000008007364       0x14 ./Core/Src/stm32f4xx_it.o
                0x0000000008007364                DMA1_Stream6_IRQHandler
 .text.EXTI9_5_IRQHandler
                0x0000000008007378       0x48 ./Core/Src/stm32f4xx_it.o
                0x0000000008007378                EXTI9_5_IRQHandler
 .text.TIM1_BRK_TIM9_IRQHandler
                0x00000000080073c0       0x58 ./Core/Src/stm32f4xx_it.o
                0x00000000080073c0                TIM1_BRK_TIM9_IRQHandler
 .text.TIM2_IRQHandler
                0x0000000008007418       0x14 ./Core/Src/stm32f4xx_it.o
                0x0000000008007418                TIM2_IRQHandler
 .text.TIM3_IRQHandler
                0x000000000800742c       0x14 ./Core/Src/stm32f4xx_it.o
                0x000000000800742c                TIM3_IRQHandler
 .text.TIM4_IRQHandler
                0x0000000008007440       0x14 ./Core/Src/stm32f4xx_it.o
                0x0000000008007440                TIM4_IRQHandler
 .text.USART1_IRQHandler
                0x0000000008007454       0x14 ./Core/Src/stm32f4xx_it.o
                0x0000000008007454                USART1_IRQHandler
 .text.USART2_IRQHandler
                0x0000000008007468       0x14 ./Core/Src/stm32f4xx_it.o
                0x0000000008007468                USART2_IRQHandler
 .text.USART3_IRQHandler
                0x000000000800747c       0x14 ./Core/Src/stm32f4xx_it.o
                0x000000000800747c                USART3_IRQHandler
 .text.TIM5_IRQHandler
                0x0000000008007490       0x14 ./Core/Src/stm32f4xx_it.o
                0x0000000008007490                TIM5_IRQHandler
 .text._getpid  0x00000000080074a4       0x10 ./Core/Src/syscalls.o
                0x00000000080074a4                _getpid
 .text._kill    0x00000000080074b4       0x20 ./Core/Src/syscalls.o
                0x00000000080074b4                _kill
 .text._exit    0x00000000080074d4       0x14 ./Core/Src/syscalls.o
                0x00000000080074d4                _exit
 .text._read    0x00000000080074e8       0x3a ./Core/Src/syscalls.o
                0x00000000080074e8                _read
 .text._write   0x0000000008007522       0x38 ./Core/Src/syscalls.o
                0x0000000008007522                _write
 .text._close   0x000000000800755a       0x18 ./Core/Src/syscalls.o
                0x000000000800755a                _close
 .text._fstat   0x0000000008007572       0x20 ./Core/Src/syscalls.o
                0x0000000008007572                _fstat
 .text._isatty  0x0000000008007592       0x16 ./Core/Src/syscalls.o
                0x0000000008007592                _isatty
 .text._lseek   0x00000000080075a8       0x1a ./Core/Src/syscalls.o
                0x00000000080075a8                _lseek
 *fill*         0x00000000080075c2        0x2 
 .text._sbrk    0x00000000080075c4       0x6c ./Core/Src/sysmem.o
                0x00000000080075c4                _sbrk
 .text.SystemInit
                0x0000000008007630       0x24 ./Core/Src/system_stm32f4xx.o
                0x0000000008007630                SystemInit
 .text._ZN3ros16normalizeSecNSecERmS0_
                0x0000000008007654       0x58 ./Core/Src/time.o
                0x0000000008007654                ros::normalizeSecNSec(unsigned long&, unsigned long&)
 .text.Reset_Handler
                0x00000000080076ac       0x50 ./Core/Startup/startup_stm32f407vetx.o
                0x00000000080076ac                Reset_Handler
 .text.Default_Handler
                0x00000000080076fc        0x2 ./Core/Startup/startup_stm32f407vetx.o
                0x00000000080076fc                RTC_Alarm_IRQHandler
                0x00000000080076fc                HASH_RNG_IRQHandler
                0x00000000080076fc                EXTI2_IRQHandler
                0x00000000080076fc                TIM8_CC_IRQHandler
                0x00000000080076fc                TIM1_CC_IRQHandler
                0x00000000080076fc                DMA2_Stream5_IRQHandler
                0x00000000080076fc                PVD_IRQHandler
                0x00000000080076fc                SDIO_IRQHandler
                0x00000000080076fc                TAMP_STAMP_IRQHandler
                0x00000000080076fc                CAN2_RX1_IRQHandler
                0x00000000080076fc                EXTI3_IRQHandler
                0x00000000080076fc                TIM8_TRG_COM_TIM14_IRQHandler
                0x00000000080076fc                TIM1_UP_TIM10_IRQHandler
                0x00000000080076fc                TIM8_UP_TIM13_IRQHandler
                0x00000000080076fc                I2C3_ER_IRQHandler
                0x00000000080076fc                EXTI0_IRQHandler
                0x00000000080076fc                I2C2_EV_IRQHandler
                0x00000000080076fc                DMA1_Stream2_IRQHandler
                0x00000000080076fc                CAN1_RX0_IRQHandler
                0x00000000080076fc                FPU_IRQHandler
                0x00000000080076fc                OTG_HS_WKUP_IRQHandler
                0x00000000080076fc                CAN2_SCE_IRQHandler
                0x00000000080076fc                DMA2_Stream2_IRQHandler
                0x00000000080076fc                SPI1_IRQHandler
                0x00000000080076fc                TIM6_DAC_IRQHandler
                0x00000000080076fc                DCMI_IRQHandler
                0x00000000080076fc                CAN2_RX0_IRQHandler
                0x00000000080076fc                DMA2_Stream3_IRQHandler
                0x00000000080076fc                USART6_IRQHandler
                0x00000000080076fc                CAN1_RX1_IRQHandler
                0x00000000080076fc                UART5_IRQHandler
                0x00000000080076fc                DMA2_Stream0_IRQHandler
                0x00000000080076fc                I2C1_EV_IRQHandler
                0x00000000080076fc                DMA1_Stream1_IRQHandler
                0x00000000080076fc                UART4_IRQHandler
                0x00000000080076fc                RCC_IRQHandler
                0x00000000080076fc                TIM8_BRK_TIM12_IRQHandler
                0x00000000080076fc                Default_Handler
                0x00000000080076fc                EXTI15_10_IRQHandler
                0x00000000080076fc                ADC_IRQHandler
                0x00000000080076fc                DMA1_Stream7_IRQHandler
                0x00000000080076fc                TIM7_IRQHandler
                0x00000000080076fc                CAN2_TX_IRQHandler
                0x00000000080076fc                DMA2_Stream7_IRQHandler
                0x00000000080076fc                I2C3_EV_IRQHandler
                0x00000000080076fc                RTC_WKUP_IRQHandler
                0x00000000080076fc                ETH_WKUP_IRQHandler
                0x00000000080076fc                SPI2_IRQHandler
                0x00000000080076fc                OTG_HS_EP1_IN_IRQHandler
                0x00000000080076fc                DMA1_Stream0_IRQHandler
                0x00000000080076fc                CAN1_TX_IRQHandler
                0x00000000080076fc                EXTI4_IRQHandler
                0x00000000080076fc                FSMC_IRQHandler
                0x00000000080076fc                ETH_IRQHandler
                0x00000000080076fc                OTG_HS_EP1_OUT_IRQHandler
                0x00000000080076fc                WWDG_IRQHandler
                0x00000000080076fc                OTG_FS_WKUP_IRQHandler
                0x00000000080076fc                TIM1_TRG_COM_TIM11_IRQHandler
                0x00000000080076fc                OTG_HS_IRQHandler
                0x00000000080076fc                I2C2_ER_IRQHandler
                0x00000000080076fc                DMA2_Stream1_IRQHandler
                0x00000000080076fc                CAN1_SCE_IRQHandler
                0x00000000080076fc                FLASH_IRQHandler
                0x00000000080076fc                DMA2_Stream4_IRQHandler
                0x00000000080076fc                OTG_FS_IRQHandler
                0x00000000080076fc                SPI3_IRQHandler
                0x00000000080076fc                DMA1_Stream4_IRQHandler
                0x00000000080076fc                I2C1_ER_IRQHandler
                0x00000000080076fc                DMA2_Stream6_IRQHandler
                0x00000000080076fc                DMA1_Stream3_IRQHandler
 *fill*         0x00000000080076fe        0x2 
 .text.HAL_Init
                0x0000000008007700       0x44 ./Drivers/STM32F4xx_HAL_Driver/Src/stm32f4xx_hal.o
                0x0000000008007700                HAL_Init
 .text.HAL_InitTick
                0x0000000008007744       0x60 ./Drivers/STM32F4xx_HAL_Driver/Src/stm32f4xx_hal.o
                0x0000000008007744                HAL_InitTick
 .text.HAL_IncTick
                0x00000000080077a4       0x28 ./Drivers/STM32F4xx_HAL_Driver/Src/stm32f4xx_hal.o
                0x00000000080077a4                HAL_IncTick
 .text.HAL_GetTick
                0x00000000080077cc       0x18 ./Drivers/STM32F4xx_HAL_Driver/Src/stm32f4xx_hal.o
                0x00000000080077cc                HAL_GetTick
 .text.__NVIC_SetPriorityGrouping
                0x00000000080077e4       0x48 ./Drivers/STM32F4xx_HAL_Driver/Src/stm32f4xx_hal_cortex.o
 .text.__NVIC_GetPriorityGrouping
                0x000000000800782c       0x1c ./Drivers/STM32F4xx_HAL_Driver/Src/stm32f4xx_hal_cortex.o
 .text.__NVIC_EnableIRQ
                0x0000000008007848       0x3c ./Drivers/STM32F4xx_HAL_Driver/Src/stm32f4xx_hal_cortex.o
 .text.__NVIC_SetPriority
                0x0000000008007884       0x54 ./Drivers/STM32F4xx_HAL_Driver/Src/stm32f4xx_hal_cortex.o
 .text.NVIC_EncodePriority
                0x00000000080078d8       0x66 ./Drivers/STM32F4xx_HAL_Driver/Src/stm32f4xx_hal_cortex.o
 *fill*         0x000000000800793e        0x2 
 .text.SysTick_Config
                0x0000000008007940       0x44 ./Drivers/STM32F4xx_HAL_Driver/Src/stm32f4xx_hal_cortex.o
 .text.HAL_NVIC_SetPriorityGrouping
                0x0000000008007984       0x16 ./Drivers/STM32F4xx_HAL_Driver/Src/stm32f4xx_hal_cortex.o
                0x0000000008007984                HAL_NVIC_SetPriorityGrouping
 .text.HAL_NVIC_SetPriority
                0x000000000800799a       0x38 ./Drivers/STM32F4xx_HAL_Driver/Src/stm32f4xx_hal_cortex.o
                0x000000000800799a                HAL_NVIC_SetPriority
 .text.HAL_NVIC_EnableIRQ
                0x00000000080079d2       0x1c ./Drivers/STM32F4xx_HAL_Driver/Src/stm32f4xx_hal_cortex.o
                0x00000000080079d2                HAL_NVIC_EnableIRQ
 .text.HAL_SYSTICK_Config
                0x00000000080079ee       0x18 ./Drivers/STM32F4xx_HAL_Driver/Src/stm32f4xx_hal_cortex.o
                0x00000000080079ee                HAL_SYSTICK_Config
 *fill*         0x0000000008007a06        0x2 
 .text.HAL_DMA_Init
                0x0000000008007a08      0x15c ./Drivers/STM32F4xx_HAL_Driver/Src/stm32f4xx_hal_dma.o
                0x0000000008007a08                HAL_DMA_Init
 .text.HAL_DMA_Start_IT
                0x0000000008007b64       0xb0 ./Drivers/STM32F4xx_HAL_Driver/Src/stm32f4xx_hal_dma.o
                0x0000000008007b64                HAL_DMA_Start_IT
 .text.HAL_DMA_Abort
                0x0000000008007c14       0xe0 ./Drivers/STM32F4xx_HAL_Driver/Src/stm32f4xx_hal_dma.o
                0x0000000008007c14                HAL_DMA_Abort
 .text.HAL_DMA_Abort_IT
                0x0000000008007cf4       0x44 ./Drivers/STM32F4xx_HAL_Driver/Src/stm32f4xx_hal_dma.o
                0x0000000008007cf4                HAL_DMA_Abort_IT
 .text.HAL_DMA_IRQHandler
                0x0000000008007d38      0x314 ./Drivers/STM32F4xx_HAL_Driver/Src/stm32f4xx_hal_dma.o
                0x0000000008007d38                HAL_DMA_IRQHandler
 .text.DMA_SetConfig
                0x000000000800804c       0x5c ./Drivers/STM32F4xx_HAL_Driver/Src/stm32f4xx_hal_dma.o
 .text.DMA_CalcBaseAndBitshift
                0x00000000080080a8       0x6c ./Drivers/STM32F4xx_HAL_Driver/Src/stm32f4xx_hal_dma.o
 .text.DMA_CheckFifoParam
                0x0000000008008114       0xf8 ./Drivers/STM32F4xx_HAL_Driver/Src/stm32f4xx_hal_dma.o
 .text.HAL_GPIO_Init
                0x000000000800820c      0x338 ./Drivers/STM32F4xx_HAL_Driver/Src/stm32f4xx_hal_gpio.o
                0x000000000800820c                HAL_GPIO_Init
 .text.HAL_GPIO_ReadPin
                0x0000000008008544       0x30 ./Drivers/STM32F4xx_HAL_Driver/Src/stm32f4xx_hal_gpio.o
                0x0000000008008544                HAL_GPIO_ReadPin
 .text.HAL_GPIO_WritePin
                0x0000000008008574       0x32 ./Drivers/STM32F4xx_HAL_Driver/Src/stm32f4xx_hal_gpio.o
                0x0000000008008574                HAL_GPIO_WritePin
 *fill*         0x00000000080085a6        0x2 
 .text.HAL_GPIO_EXTI_IRQHandler
                0x00000000080085a8       0x30 ./Drivers/STM32F4xx_HAL_Driver/Src/stm32f4xx_hal_gpio.o
                0x00000000080085a8                HAL_GPIO_EXTI_IRQHandler
 .text.HAL_GPIO_EXTI_Callback
                0x00000000080085d8       0x16 ./Drivers/STM32F4xx_HAL_Driver/Src/stm32f4xx_hal_gpio.o
                0x00000000080085d8                HAL_GPIO_EXTI_Callback
 *fill*         0x00000000080085ee        0x2 
 .text.HAL_RCC_OscConfig
                0x00000000080085f0      0x4f0 ./Drivers/STM32F4xx_HAL_Driver/Src/stm32f4xx_hal_rcc.o
                0x00000000080085f0                HAL_RCC_OscConfig
 .text.HAL_RCC_ClockConfig
                0x0000000008008ae0      0x1cc ./Drivers/STM32F4xx_HAL_Driver/Src/stm32f4xx_hal_rcc.o
                0x0000000008008ae0                HAL_RCC_ClockConfig
 .text.HAL_RCC_GetSysClockFreq
                0x0000000008008cac      0x16c ./Drivers/STM32F4xx_HAL_Driver/Src/stm32f4xx_hal_rcc.o
                0x0000000008008cac                HAL_RCC_GetSysClockFreq
 .text.HAL_RCC_GetHCLKFreq
                0x0000000008008e18       0x18 ./Drivers/STM32F4xx_HAL_Driver/Src/stm32f4xx_hal_rcc.o
                0x0000000008008e18                HAL_RCC_GetHCLKFreq
 .text.HAL_RCC_GetPCLK1Freq
                0x0000000008008e30       0x28 ./Drivers/STM32F4xx_HAL_Driver/Src/stm32f4xx_hal_rcc.o
                0x0000000008008e30                HAL_RCC_GetPCLK1Freq
 .text.HAL_RCC_GetPCLK2Freq
                0x0000000008008e58       0x28 ./Drivers/STM32F4xx_HAL_Driver/Src/stm32f4xx_hal_rcc.o
                0x0000000008008e58                HAL_RCC_GetPCLK2Freq
 .text.HAL_TIM_Base_Init
                0x0000000008008e80       0x9e ./Drivers/STM32F4xx_HAL_Driver/Src/stm32f4xx_hal_tim.o
                0x0000000008008e80                HAL_TIM_Base_Init
 *fill*         0x0000000008008f1e        0x2 
 .text.HAL_TIM_Base_Start
                0x0000000008008f20       0xd0 ./Drivers/STM32F4xx_HAL_Driver/Src/stm32f4xx_hal_tim.o
                0x0000000008008f20                HAL_TIM_Base_Start
 .text.HAL_TIM_Base_Start_IT
                0x0000000008008ff0       0xe0 ./Drivers/STM32F4xx_HAL_Driver/Src/stm32f4xx_hal_tim.o
                0x0000000008008ff0                HAL_TIM_Base_Start_IT
 .text.HAL_TIM_PWM_Init
                0x00000000080090d0       0x9e ./Drivers/STM32F4xx_HAL_Driver/Src/stm32f4xx_hal_tim.o
                0x00000000080090d0                HAL_TIM_PWM_Init
 .text.HAL_TIM_PWM_MspInit
                0x000000000800916e       0x14 ./Drivers/STM32F4xx_HAL_Driver/Src/stm32f4xx_hal_tim.o
                0x000000000800916e                HAL_TIM_PWM_MspInit
 *fill*         0x0000000008009182        0x2 
 .text.HAL_TIM_PWM_Start
                0x0000000008009184      0x190 ./Drivers/STM32F4xx_HAL_Driver/Src/stm32f4xx_hal_tim.o
                0x0000000008009184                HAL_TIM_PWM_Start
 .text.HAL_TIM_IC_Init
                0x0000000008009314       0x9e ./Drivers/STM32F4xx_HAL_Driver/Src/stm32f4xx_hal_tim.o
                0x0000000008009314                HAL_TIM_IC_Init
 .text.HAL_TIM_IC_MspInit
                0x00000000080093b2       0x14 ./Drivers/STM32F4xx_HAL_Driver/Src/stm32f4xx_hal_tim.o
                0x00000000080093b2                HAL_TIM_IC_MspInit
 *fill*         0x00000000080093c6        0x2 
 .text.HAL_TIM_IC_Start_IT
                0x00000000080093c8      0x250 ./Drivers/STM32F4xx_HAL_Driver/Src/stm32f4xx_hal_tim.o
                0x00000000080093c8                HAL_TIM_IC_Start_IT
 .text.HAL_TIM_IRQHandler
                0x0000000008009618      0x210 ./Drivers/STM32F4xx_HAL_Driver/Src/stm32f4xx_hal_tim.o
                0x0000000008009618                HAL_TIM_IRQHandler
 .text.HAL_TIM_IC_ConfigChannel
                0x0000000008009828      0x138 ./Drivers/STM32F4xx_HAL_Driver/Src/stm32f4xx_hal_tim.o
                0x0000000008009828                HAL_TIM_IC_ConfigChannel
 .text.HAL_TIM_PWM_ConfigChannel
                0x0000000008009960      0x184 ./Drivers/STM32F4xx_HAL_Driver/Src/stm32f4xx_hal_tim.o
                0x0000000008009960                HAL_TIM_PWM_ConfigChannel
 .text.HAL_TIM_ConfigClockSource
                0x0000000008009ae4      0x18e ./Drivers/STM32F4xx_HAL_Driver/Src/stm32f4xx_hal_tim.o
                0x0000000008009ae4                HAL_TIM_ConfigClockSource
 .text.HAL_TIM_OC_DelayElapsedCallback
                0x0000000008009c72       0x14 ./Drivers/STM32F4xx_HAL_Driver/Src/stm32f4xx_hal_tim.o
                0x0000000008009c72                HAL_TIM_OC_DelayElapsedCallback
 .text.HAL_TIM_PWM_PulseFinishedCallback
                0x0000000008009c86       0x14 ./Drivers/STM32F4xx_HAL_Driver/Src/stm32f4xx_hal_tim.o
                0x0000000008009c86                HAL_TIM_PWM_PulseFinishedCallback
 .text.HAL_TIM_TriggerCallback
                0x0000000008009c9a       0x14 ./Drivers/STM32F4xx_HAL_Driver/Src/stm32f4xx_hal_tim.o
                0x0000000008009c9a                HAL_TIM_TriggerCallback
 *fill*         0x0000000008009cae        0x2 
 .text.TIM_Base_SetConfig
                0x0000000008009cb0      0x140 ./Drivers/STM32F4xx_HAL_Driver/Src/stm32f4xx_hal_tim.o
                0x0000000008009cb0                TIM_Base_SetConfig
 .text.TIM_OC1_SetConfig
                0x0000000008009df0       0xe0 ./Drivers/STM32F4xx_HAL_Driver/Src/stm32f4xx_hal_tim.o
 .text.TIM_OC2_SetConfig
                0x0000000008009ed0       0xec ./Drivers/STM32F4xx_HAL_Driver/Src/stm32f4xx_hal_tim.o
                0x0000000008009ed0                TIM_OC2_SetConfig
 .text.TIM_OC3_SetConfig
                0x0000000008009fbc       0xe8 ./Drivers/STM32F4xx_HAL_Driver/Src/stm32f4xx_hal_tim.o
 .text.TIM_OC4_SetConfig
                0x000000000800a0a4       0xac ./Drivers/STM32F4xx_HAL_Driver/Src/stm32f4xx_hal_tim.o
 .text.TIM_TI1_SetConfig
                0x000000000800a150       0xe8 ./Drivers/STM32F4xx_HAL_Driver/Src/stm32f4xx_hal_tim.o
                0x000000000800a150                TIM_TI1_SetConfig
 .text.TIM_TI1_ConfigInputStage
                0x000000000800a238       0x5e ./Drivers/STM32F4xx_HAL_Driver/Src/stm32f4xx_hal_tim.o
 .text.TIM_TI2_SetConfig
                0x000000000800a296       0x7a ./Drivers/STM32F4xx_HAL_Driver/Src/stm32f4xx_hal_tim.o
 .text.TIM_TI2_ConfigInputStage
                0x000000000800a310       0x60 ./Drivers/STM32F4xx_HAL_Driver/Src/stm32f4xx_hal_tim.o
 .text.TIM_TI3_SetConfig
                0x000000000800a370       0x78 ./Drivers/STM32F4xx_HAL_Driver/Src/stm32f4xx_hal_tim.o
 .text.TIM_TI4_SetConfig
                0x000000000800a3e8       0x7a ./Drivers/STM32F4xx_HAL_Driver/Src/stm32f4xx_hal_tim.o
 .text.TIM_ITRx_SetConfig
                0x000000000800a462       0x36 ./Drivers/STM32F4xx_HAL_Driver/Src/stm32f4xx_hal_tim.o
 .text.TIM_ETR_SetConfig
                0x000000000800a498       0x40 ./Drivers/STM32F4xx_HAL_Driver/Src/stm32f4xx_hal_tim.o
                0x000000000800a498                TIM_ETR_SetConfig
 .text.TIM_CCxChannelCmd
                0x000000000800a4d8       0x4a ./Drivers/STM32F4xx_HAL_Driver/Src/stm32f4xx_hal_tim.o
                0x000000000800a4d8                TIM_CCxChannelCmd
 *fill*         0x000000000800a522        0x2 
 .text.HAL_TIMEx_MasterConfigSynchronization
                0x000000000800a524       0xf8 ./Drivers/STM32F4xx_HAL_Driver/Src/stm32f4xx_hal_tim_ex.o
                0x000000000800a524                HAL_TIMEx_MasterConfigSynchronization
 .text.HAL_TIMEx_ConfigBreakDeadTime
                0x000000000800a61c       0xa4 ./Drivers/STM32F4xx_HAL_Driver/Src/stm32f4xx_hal_tim_ex.o
                0x000000000800a61c                HAL_TIMEx_ConfigBreakDeadTime
 .text.HAL_TIMEx_CommutCallback
                0x000000000800a6c0       0x14 ./Drivers/STM32F4xx_HAL_Driver/Src/stm32f4xx_hal_tim_ex.o
                0x000000000800a6c0                HAL_TIMEx_CommutCallback
 .text.HAL_TIMEx_BreakCallback
                0x000000000800a6d4       0x14 ./Drivers/STM32F4xx_HAL_Driver/Src/stm32f4xx_hal_tim_ex.o
                0x000000000800a6d4                HAL_TIMEx_BreakCallback
 .text.HAL_UART_Init
                0x000000000800a6e8       0x9a ./Drivers/STM32F4xx_HAL_Driver/Src/stm32f4xx_hal_uart.o
                0x000000000800a6e8                HAL_UART_Init
 .text.HAL_UART_Transmit
                0x000000000800a782      0x124 ./Drivers/STM32F4xx_HAL_Driver/Src/stm32f4xx_hal_uart.o
                0x000000000800a782                HAL_UART_Transmit
 .text.HAL_UART_Receive_IT
                0x000000000800a8a6       0x60 ./Drivers/STM32F4xx_HAL_Driver/Src/stm32f4xx_hal_uart.o
                0x000000000800a8a6                HAL_UART_Receive_IT
 *fill*         0x000000000800a906        0x2 
 .text.HAL_UART_Transmit_DMA
                0x000000000800a908       0xfc ./Drivers/STM32F4xx_HAL_Driver/Src/stm32f4xx_hal_uart.o
                0x000000000800a908                HAL_UART_Transmit_DMA
 .text.HAL_UART_Receive_DMA
                0x000000000800aa04       0x60 ./Drivers/STM32F4xx_HAL_Driver/Src/stm32f4xx_hal_uart.o
                0x000000000800aa04                HAL_UART_Receive_DMA
 .text.HAL_UART_IRQHandler
                0x000000000800aa64      0x51c ./Drivers/STM32F4xx_HAL_Driver/Src/stm32f4xx_hal_uart.o
                0x000000000800aa64                HAL_UART_IRQHandler
 .text.HAL_UART_TxHalfCpltCallback
                0x000000000800af80       0x14 ./Drivers/STM32F4xx_HAL_Driver/Src/stm32f4xx_hal_uart.o
                0x000000000800af80                HAL_UART_TxHalfCpltCallback
 .text.HAL_UART_RxHalfCpltCallback
                0x000000000800af94       0x14 ./Drivers/STM32F4xx_HAL_Driver/Src/stm32f4xx_hal_uart.o
                0x000000000800af94                HAL_UART_RxHalfCpltCallback
 .text.HAL_UART_ErrorCallback
                0x000000000800afa8       0x14 ./Drivers/STM32F4xx_HAL_Driver/Src/stm32f4xx_hal_uart.o
                0x000000000800afa8                HAL_UART_ErrorCallback
 .text.HAL_UARTEx_RxEventCallback
                0x000000000800afbc       0x18 ./Drivers/STM32F4xx_HAL_Driver/Src/stm32f4xx_hal_uart.o
                0x000000000800afbc                HAL_UARTEx_RxEventCallback
 .text.UART_DMATransmitCplt
                0x000000000800afd4       0x9a ./Drivers/STM32F4xx_HAL_Driver/Src/stm32f4xx_hal_uart.o
 .text.UART_DMATxHalfCplt
                0x000000000800b06e       0x1c ./Drivers/STM32F4xx_HAL_Driver/Src/stm32f4xx_hal_uart.o
 .text.UART_DMAReceiveCplt
                0x000000000800b08a      0x126 ./Drivers/STM32F4xx_HAL_Driver/Src/stm32f4xx_hal_uart.o
 .text.UART_DMARxHalfCplt
                0x000000000800b1b0       0x36 ./Drivers/STM32F4xx_HAL_Driver/Src/stm32f4xx_hal_uart.o
 .text.UART_DMAError
                0x000000000800b1e6       0x94 ./Drivers/STM32F4xx_HAL_Driver/Src/stm32f4xx_hal_uart.o
 .text.UART_WaitOnFlagUntilTimeout
                0x000000000800b27a       0xdc ./Drivers/STM32F4xx_HAL_Driver/Src/stm32f4xx_hal_uart.o
 .text.UART_Start_Receive_IT
                0x000000000800b356       0x74 ./Drivers/STM32F4xx_HAL_Driver/Src/stm32f4xx_hal_uart.o
                0x000000000800b356                UART_Start_Receive_IT
 *fill*         0x000000000800b3ca        0x2 
 .text.UART_Start_Receive_DMA
                0x000000000800b3cc      0x134 ./Drivers/STM32F4xx_HAL_Driver/Src/stm32f4xx_hal_uart.o
                0x000000000800b3cc                UART_Start_Receive_DMA
 .text.UART_EndTxTransfer
                0x000000000800b500       0x50 ./Drivers/STM32F4xx_HAL_Driver/Src/stm32f4xx_hal_uart.o
 .text.UART_EndRxTransfer
                0x000000000800b550       0xc6 ./Drivers/STM32F4xx_HAL_Driver/Src/stm32f4xx_hal_uart.o
 .text.UART_DMAAbortOnError
                0x000000000800b616       0x28 ./Drivers/STM32F4xx_HAL_Driver/Src/stm32f4xx_hal_uart.o
 .text.UART_Transmit_IT
                0x000000000800b63e       0xa0 ./Drivers/STM32F4xx_HAL_Driver/Src/stm32f4xx_hal_uart.o
 .text.UART_EndTransmit_IT
                0x000000000800b6de       0x30 ./Drivers/STM32F4xx_HAL_Driver/Src/stm32f4xx_hal_uart.o
 .text.UART_Receive_IT
                0x000000000800b70e      0x176 ./Drivers/STM32F4xx_HAL_Driver/Src/stm32f4xx_hal_uart.o
 .text.UART_SetConfig
                0x000000000800b884      0x390 ./Drivers/STM32F4xx_HAL_Driver/Src/stm32f4xx_hal_uart.o
 .text.__cxa_pure_virtual
                0x000000000800bc14        0x6 e:/stm32ide/stm32cubeide_1.7.0/stm32cubeide/plugins/com.st.stm32cube.ide.mcu.externaltools.gnu-tools-for-stm32.9-2020-q2-update.win32_2.0.0.202105311346/tools/bin/../lib/gcc/arm-none-eabi/9.3.1/../../../../arm-none-eabi/lib/thumb/v7e-m+fp/hard\libstdc++_nano.a(pure.o)
                0x000000000800bc14                __cxa_pure_virtual
 .text._ZN10__cxxabiv111__terminateEPFvvE
                0x000000000800bc1a        0x8 e:/stm32ide/stm32cubeide_1.7.0/stm32cubeide/plugins/com.st.stm32cube.ide.mcu.externaltools.gnu-tools-for-stm32.9-2020-q2-update.win32_2.0.0.202105311346/tools/bin/../lib/gcc/arm-none-eabi/9.3.1/../../../../arm-none-eabi/lib/thumb/v7e-m+fp/hard\libstdc++_nano.a(eh_terminate.o)
                0x000000000800bc1a                __cxxabiv1::__terminate(void (*)())
 *fill*         0x000000000800bc22        0x2 
 .text._ZSt13get_terminatev
                0x000000000800bc24       0x10 e:/stm32ide/stm32cubeide_1.7.0/stm32cubeide/plugins/com.st.stm32cube.ide.mcu.externaltools.gnu-tools-for-stm32.9-2020-q2-update.win32_2.0.0.202105311346/tools/bin/../lib/gcc/arm-none-eabi/9.3.1/../../../../arm-none-eabi/lib/thumb/v7e-m+fp/hard\libstdc++_nano.a(eh_terminate.o)
                0x000000000800bc24                std::get_terminate()
 .text._ZSt9terminatev
                0x000000000800bc34        0xa e:/stm32ide/stm32cubeide_1.7.0/stm32cubeide/plugins/com.st.stm32cube.ide.mcu.externaltools.gnu-tools-for-stm32.9-2020-q2-update.win32_2.0.0.202105311346/tools/bin/../lib/gcc/arm-none-eabi/9.3.1/../../../../arm-none-eabi/lib/thumb/v7e-m+fp/hard\libstdc++_nano.a(eh_terminate.o)
                0x000000000800bc34                std::terminate()
 *fill*         0x000000000800bc3e        0x2 
 .text.round    0x000000000800bc40       0x8c e:/stm32ide/stm32cubeide_1.7.0/stm32cubeide/plugins/com.st.stm32cube.ide.mcu.externaltools.gnu-tools-for-stm32.9-2020-q2-update.win32_2.0.0.202105311346/tools/bin/../lib/gcc/arm-none-eabi/9.3.1/../../../../arm-none-eabi/lib/thumb/v7e-m+fp/hard\libm.a(lib_a-s_round.o)
                0x000000000800bc40                round
 .text.abort    0x000000000800bccc        0xe e:/stm32ide/stm32cubeide_1.7.0/stm32cubeide/plugins/com.st.stm32cube.ide.mcu.externaltools.gnu-tools-for-stm32.9-2020-q2-update.win32_2.0.0.202105311346/tools/bin/../lib/gcc/arm-none-eabi/9.3.1/../../../../arm-none-eabi/lib/thumb/v7e-m+fp/hard\libc_nano.a(lib_a-abort.o)
                0x000000000800bccc                abort
 .text.atof     0x000000000800bcda        0x6 e:/stm32ide/stm32cubeide_1.7.0/stm32cubeide/plugins/com.st.stm32cube.ide.mcu.externaltools.gnu-tools-for-stm32.9-2020-q2-update.win32_2.0.0.202105311346/tools/bin/../lib/gcc/arm-none-eabi/9.3.1/../../../../arm-none-eabi/lib/thumb/v7e-m+fp/hard\libc_nano.a(lib_a-atof.o)
                0x000000000800bcda                atof
 .text.__errno  0x000000000800bce0        0xc e:/stm32ide/stm32cubeide_1.7.0/stm32cubeide/plugins/com.st.stm32cube.ide.mcu.externaltools.gnu-tools-for-stm32.9-2020-q2-update.win32_2.0.0.202105311346/tools/bin/../lib/gcc/arm-none-eabi/9.3.1/../../../../arm-none-eabi/lib/thumb/v7e-m+fp/hard\libc_nano.a(lib_a-errno.o)
                0x000000000800bce0                __errno
 .text.__libc_init_array
                0x000000000800bcec       0x48 e:/stm32ide/stm32cubeide_1.7.0/stm32cubeide/plugins/com.st.stm32cube.ide.mcu.externaltools.gnu-tools-for-stm32.9-2020-q2-update.win32_2.0.0.202105311346/tools/bin/../lib/gcc/arm-none-eabi/9.3.1/../../../../arm-none-eabi/lib/thumb/v7e-m+fp/hard\libc_nano.a(lib_a-init.o)
                0x000000000800bcec                __libc_init_array
 .text.memcpy   0x000000000800bd34       0x1c e:/stm32ide/stm32cubeide_1.7.0/stm32cubeide/plugins/com.st.stm32cube.ide.mcu.externaltools.gnu-tools-for-stm32.9-2020-q2-update.win32_2.0.0.202105311346/tools/bin/../lib/gcc/arm-none-eabi/9.3.1/../../../../arm-none-eabi/lib/thumb/v7e-m+fp/hard\libc_nano.a(lib_a-memcpy-stub.o)
                0x000000000800bd34                memcpy
 .text.memset   0x000000000800bd50       0x10 e:/stm32ide/stm32cubeide_1.7.0/stm32cubeide/plugins/com.st.stm32cube.ide.mcu.externaltools.gnu-tools-for-stm32.9-2020-q2-update.win32_2.0.0.202105311346/tools/bin/../lib/gcc/arm-none-eabi/9.3.1/../../../../arm-none-eabi/lib/thumb/v7e-m+fp/hard\libc_nano.a(lib_a-memset.o)
                0x000000000800bd50                memset
 .text.__cvt    0x000000000800bd60       0xc4 e:/stm32ide/stm32cubeide_1.7.0/stm32cubeide/plugins/com.st.stm32cube.ide.mcu.externaltools.gnu-tools-for-stm32.9-2020-q2-update.win32_2.0.0.202105311346/tools/bin/../lib/gcc/arm-none-eabi/9.3.1/../../../../arm-none-eabi/lib/thumb/v7e-m+fp/hard\libc_nano.a(lib_a-nano-vfprintf_float.o)
                0x000000000800bd60                __cvt
 .text.__exponent
                0x000000000800be24       0x7c e:/stm32ide/stm32cubeide_1.7.0/stm32cubeide/plugins/com.st.stm32cube.ide.mcu.externaltools.gnu-tools-for-stm32.9-2020-q2-update.win32_2.0.0.202105311346/tools/bin/../lib/gcc/arm-none-eabi/9.3.1/../../../../arm-none-eabi/lib/thumb/v7e-m+fp/hard\libc_nano.a(lib_a-nano-vfprintf_float.o)
                0x000000000800be24                __exponent
 .text._printf_float
                0x000000000800bea0      0x46c e:/stm32ide/stm32cubeide_1.7.0/stm32cubeide/plugins/com.st.stm32cube.ide.mcu.externaltools.gnu-tools-for-stm32.9-2020-q2-update.win32_2.0.0.202105311346/tools/bin/../lib/gcc/arm-none-eabi/9.3.1/../../../../arm-none-eabi/lib/thumb/v7e-m+fp/hard\libc_nano.a(lib_a-nano-vfprintf_float.o)
                0x000000000800bea0                _printf_float
 .text._printf_common
                0x000000000800c30c       0xda e:/stm32ide/stm32cubeide_1.7.0/stm32cubeide/plugins/com.st.stm32cube.ide.mcu.externaltools.gnu-tools-for-stm32.9-2020-q2-update.win32_2.0.0.202105311346/tools/bin/../lib/gcc/arm-none-eabi/9.3.1/../../../../arm-none-eabi/lib/thumb/v7e-m+fp/hard\libc_nano.a(lib_a-nano-vfprintf_i.o)
                0x000000000800c30c                _printf_common
 *fill*         0x000000000800c3e6        0x2 
 .text._printf_i
                0x000000000800c3e8      0x24c e:/stm32ide/stm32cubeide_1.7.0/stm32cubeide/plugins/com.st.stm32cube.ide.mcu.externaltools.gnu-tools-for-stm32.9-2020-q2-update.win32_2.0.0.202105311346/tools/bin/../lib/gcc/arm-none-eabi/9.3.1/../../../../arm-none-eabi/lib/thumb/v7e-m+fp/hard\libc_nano.a(lib_a-nano-vfprintf_i.o)
                0x000000000800c3e8                _printf_i
 .text._scanf_float
                0x000000000800c634      0x420 e:/stm32ide/stm32cubeide_1.7.0/stm32cubeide/plugins/com.st.stm32cube.ide.mcu.externaltools.gnu-tools-for-stm32.9-2020-q2-update.win32_2.0.0.202105311346/tools/bin/../lib/gcc/arm-none-eabi/9.3.1/../../../../arm-none-eabi/lib/thumb/v7e-m+fp/hard\libc_nano.a(lib_a-nano-vfscanf_float.o)
                0x000000000800c634                _scanf_float
 .text.realloc  0x000000000800ca54       0x10 e:/stm32ide/stm32cubeide_1.7.0/stm32cubeide/plugins/com.st.stm32cube.ide.mcu.externaltools.gnu-tools-for-stm32.9-2020-q2-update.win32_2.0.0.202105311346/tools/bin/../lib/gcc/arm-none-eabi/9.3.1/../../../../arm-none-eabi/lib/thumb/v7e-m+fp/hard\libc_nano.a(lib_a-realloc.o)
                0x000000000800ca54                realloc
 .text.nanf     0x000000000800ca64        0xc e:/stm32ide/stm32cubeide_1.7.0/stm32cubeide/plugins/com.st.stm32cube.ide.mcu.externaltools.gnu-tools-for-stm32.9-2020-q2-update.win32_2.0.0.202105311346/tools/bin/../lib/gcc/arm-none-eabi/9.3.1/../../../../arm-none-eabi/lib/thumb/v7e-m+fp/hard\libc_nano.a(lib_a-sf_nan.o)
                0x000000000800ca64                nanf
 .text._raise_r
                0x000000000800ca70       0x50 e:/stm32ide/stm32cubeide_1.7.0/stm32cubeide/plugins/com.st.stm32cube.ide.mcu.externaltools.gnu-tools-for-stm32.9-2020-q2-update.win32_2.0.0.202105311346/tools/bin/../lib/gcc/arm-none-eabi/9.3.1/../../../../arm-none-eabi/lib/thumb/v7e-m+fp/hard\libc_nano.a(lib_a-signal.o)
                0x000000000800ca70                _raise_r
 .text.raise    0x000000000800cac0       0x10 e:/stm32ide/stm32cubeide_1.7.0/stm32cubeide/plugins/com.st.stm32cube.ide.mcu.externaltools.gnu-tools-for-stm32.9-2020-q2-update.win32_2.0.0.202105311346/tools/bin/../lib/gcc/arm-none-eabi/9.3.1/../../../../arm-none-eabi/lib/thumb/v7e-m+fp/hard\libc_nano.a(lib_a-signal.o)
                0x000000000800cac0                raise
 .text._kill_r  0x000000000800cad0       0x24 e:/stm32ide/stm32cubeide_1.7.0/stm32cubeide/plugins/com.st.stm32cube.ide.mcu.externaltools.gnu-tools-for-stm32.9-2020-q2-update.win32_2.0.0.202105311346/tools/bin/../lib/gcc/arm-none-eabi/9.3.1/../../../../arm-none-eabi/lib/thumb/v7e-m+fp/hard\libc_nano.a(lib_a-signalr.o)
                0x000000000800cad0                _kill_r
 .text._getpid_r
                0x000000000800caf4        0x4 e:/stm32ide/stm32cubeide_1.7.0/stm32cubeide/plugins/com.st.stm32cube.ide.mcu.externaltools.gnu-tools-for-stm32.9-2020-q2-update.win32_2.0.0.202105311346/tools/bin/../lib/gcc/arm-none-eabi/9.3.1/../../../../arm-none-eabi/lib/thumb/v7e-m+fp/hard\libc_nano.a(lib_a-signalr.o)
                0x000000000800caf4                _getpid_r
 .text.sprintf  0x000000000800caf8       0x40 e:/stm32ide/stm32cubeide_1.7.0/stm32cubeide/plugins/com.st.stm32cube.ide.mcu.externaltools.gnu-tools-for-stm32.9-2020-q2-update.win32_2.0.0.202105311346/tools/bin/../lib/gcc/arm-none-eabi/9.3.1/../../../../arm-none-eabi/lib/thumb/v7e-m+fp/hard\libc_nano.a(lib_a-sprintf.o)
                0x000000000800caf8                siprintf
                0x000000000800caf8                sprintf
 .text.sulp     0x000000000800cb38       0x38 e:/stm32ide/stm32cubeide_1.7.0/stm32cubeide/plugins/com.st.stm32cube.ide.mcu.externaltools.gnu-tools-for-stm32.9-2020-q2-update.win32_2.0.0.202105311346/tools/bin/../lib/gcc/arm-none-eabi/9.3.1/../../../../arm-none-eabi/lib/thumb/v7e-m+fp/hard\libc_nano.a(lib_a-strtod.o)
 .text._strtod_l
                0x000000000800cb70      0xc14 e:/stm32ide/stm32cubeide_1.7.0/stm32cubeide/plugins/com.st.stm32cube.ide.mcu.externaltools.gnu-tools-for-stm32.9-2020-q2-update.win32_2.0.0.202105311346/tools/bin/../lib/gcc/arm-none-eabi/9.3.1/../../../../arm-none-eabi/lib/thumb/v7e-m+fp/hard\libc_nano.a(lib_a-strtod.o)
                0x000000000800cb70                _strtod_l
 .text._strtod_r
                0x000000000800d784        0xc e:/stm32ide/stm32cubeide_1.7.0/stm32cubeide/plugins/com.st.stm32cube.ide.mcu.externaltools.gnu-tools-for-stm32.9-2020-q2-update.win32_2.0.0.202105311346/tools/bin/../lib/gcc/arm-none-eabi/9.3.1/../../../../arm-none-eabi/lib/thumb/v7e-m+fp/hard\libc_nano.a(lib_a-strtod.o)
                0x000000000800d784                _strtod_r
 .text.strtod   0x000000000800d790       0x18 e:/stm32ide/stm32cubeide_1.7.0/stm32cubeide/plugins/com.st.stm32cube.ide.mcu.externaltools.gnu-tools-for-stm32.9-2020-q2-update.win32_2.0.0.202105311346/tools/bin/../lib/gcc/arm-none-eabi/9.3.1/../../../../arm-none-eabi/lib/thumb/v7e-m+fp/hard\libc_nano.a(lib_a-strtod.o)
                0x000000000800d790                strtod
 .text.strtok   0x000000000800d7a8       0x68 e:/stm32ide/stm32cubeide_1.7.0/stm32cubeide/plugins/com.st.stm32cube.ide.mcu.externaltools.gnu-tools-for-stm32.9-2020-q2-update.win32_2.0.0.202105311346/tools/bin/../lib/gcc/arm-none-eabi/9.3.1/../../../../arm-none-eabi/lib/thumb/v7e-m+fp/hard\libc_nano.a(lib_a-strtok.o)
                0x000000000800d7a8                strtok
 .text.__strtok_r
                0x000000000800d810       0x50 e:/stm32ide/stm32cubeide_1.7.0/stm32cubeide/plugins/com.st.stm32cube.ide.mcu.externaltools.gnu-tools-for-stm32.9-2020-q2-update.win32_2.0.0.202105311346/tools/bin/../lib/gcc/arm-none-eabi/9.3.1/../../../../arm-none-eabi/lib/thumb/v7e-m+fp/hard\libc_nano.a(lib_a-strtok_r.o)
                0x000000000800d810                __strtok_r
 .text._strtol_l.isra.0
                0x000000000800d860      0x108 e:/stm32ide/stm32cubeide_1.7.0/stm32cubeide/plugins/com.st.stm32cube.ide.mcu.externaltools.gnu-tools-for-stm32.9-2020-q2-update.win32_2.0.0.202105311346/tools/bin/../lib/gcc/arm-none-eabi/9.3.1/../../../../arm-none-eabi/lib/thumb/v7e-m+fp/hard\libc_nano.a(lib_a-strtol.o)
 .text._strtol_r
                0x000000000800d968        0x4 e:/stm32ide/stm32cubeide_1.7.0/stm32cubeide/plugins/com.st.stm32cube.ide.mcu.externaltools.gnu-tools-for-stm32.9-2020-q2-update.win32_2.0.0.202105311346/tools/bin/../lib/gcc/arm-none-eabi/9.3.1/../../../../arm-none-eabi/lib/thumb/v7e-m+fp/hard\libc_nano.a(lib_a-strtol.o)
                0x000000000800d968                _strtol_r
 .text.__assert_func
                0x000000000800d96c       0x3c e:/stm32ide/stm32cubeide_1.7.0/stm32cubeide/plugins/com.st.stm32cube.ide.mcu.externaltools.gnu-tools-for-stm32.9-2020-q2-update.win32_2.0.0.202105311346/tools/bin/../lib/gcc/arm-none-eabi/9.3.1/../../../../arm-none-eabi/lib/thumb/v7e-m+fp/hard\libc_nano.a(lib_a-assert.o)
                0x000000000800d96c                __assert_func
 .text.quorem   0x000000000800d9a8      0x116 e:/stm32ide/stm32cubeide_1.7.0/stm32cubeide/plugins/com.st.stm32cube.ide.mcu.externaltools.gnu-tools-for-stm32.9-2020-q2-update.win32_2.0.0.202105311346/tools/bin/../lib/gcc/arm-none-eabi/9.3.1/../../../../arm-none-eabi/lib/thumb/v7e-m+fp/hard\libc_nano.a(lib_a-dtoa.o)
 *fill*         0x000000000800dabe        0x2 
 .text._dtoa_r  0x000000000800dac0      0xbd8 e:/stm32ide/stm32cubeide_1.7.0/stm32cubeide/plugins/com.st.stm32cube.ide.mcu.externaltools.gnu-tools-for-stm32.9-2020-q2-update.win32_2.0.0.202105311346/tools/bin/../lib/gcc/arm-none-eabi/9.3.1/../../../../arm-none-eabi/lib/thumb/v7e-m+fp/hard\libc_nano.a(lib_a-dtoa.o)
                0x000000000800dac0                _dtoa_r
 .text.fprintf  0x000000000800e698       0x24 e:/stm32ide/stm32cubeide_1.7.0/stm32cubeide/plugins/com.st.stm32cube.ide.mcu.externaltools.gnu-tools-for-stm32.9-2020-q2-update.win32_2.0.0.202105311346/tools/bin/../lib/gcc/arm-none-eabi/9.3.1/../../../../arm-none-eabi/lib/thumb/v7e-m+fp/hard\libc_nano.a(lib_a-fprintf.o)
                0x000000000800e698                fiprintf
                0x000000000800e698                fprintf
 .text.rshift   0x000000000800e6bc       0xa4 e:/stm32ide/stm32cubeide_1.7.0/stm32cubeide/plugins/com.st.stm32cube.ide.mcu.externaltools.gnu-tools-for-stm32.9-2020-q2-update.win32_2.0.0.202105311346/tools/bin/../lib/gcc/arm-none-eabi/9.3.1/../../../../arm-none-eabi/lib/thumb/v7e-m+fp/hard\libc_nano.a(lib_a-gdtoa-gethex.o)
 .text.__hexdig_fun
                0x000000000800e760       0x2a e:/stm32ide/stm32cubeide_1.7.0/stm32cubeide/plugins/com.st.stm32cube.ide.mcu.externaltools.gnu-tools-for-stm32.9-2020-q2-update.win32_2.0.0.202105311346/tools/bin/../lib/gcc/arm-none-eabi/9.3.1/../../../../arm-none-eabi/lib/thumb/v7e-m+fp/hard\libc_nano.a(lib_a-gdtoa-gethex.o)
                0x000000000800e760                __hexdig_fun
 *fill*         0x000000000800e78a        0x2 
 .text.__gethex
                0x000000000800e78c      0x48c e:/stm32ide/stm32cubeide_1.7.0/stm32cubeide/plugins/com.st.stm32cube.ide.mcu.externaltools.gnu-tools-for-stm32.9-2020-q2-update.win32_2.0.0.202105311346/tools/bin/../lib/gcc/arm-none-eabi/9.3.1/../../../../arm-none-eabi/lib/thumb/v7e-m+fp/hard\libc_nano.a(lib_a-gdtoa-gethex.o)
                0x000000000800e78c                __gethex
 .text.L_shift  0x000000000800ec18       0x24 e:/stm32ide/stm32cubeide_1.7.0/stm32cubeide/plugins/com.st.stm32cube.ide.mcu.externaltools.gnu-tools-for-stm32.9-2020-q2-update.win32_2.0.0.202105311346/tools/bin/../lib/gcc/arm-none-eabi/9.3.1/../../../../arm-none-eabi/lib/thumb/v7e-m+fp/hard\libc_nano.a(lib_a-gdtoa-hexnan.o)
 .text.__match  0x000000000800ec3c       0x28 e:/stm32ide/stm32cubeide_1.7.0/stm32cubeide/plugins/com.st.stm32cube.ide.mcu.externaltools.gnu-tools-for-stm32.9-2020-q2-update.win32_2.0.0.202105311346/tools/bin/../lib/gcc/arm-none-eabi/9.3.1/../../../../arm-none-eabi/lib/thumb/v7e-m+fp/hard\libc_nano.a(lib_a-gdtoa-hexnan.o)
                0x000000000800ec3c                __match
 .text.__hexnan
                0x000000000800ec64      0x138 e:/stm32ide/stm32cubeide_1.7.0/stm32cubeide/plugins/com.st.stm32cube.ide.mcu.externaltools.gnu-tools-for-stm32.9-2020-q2-update.win32_2.0.0.202105311346/tools/bin/../lib/gcc/arm-none-eabi/9.3.1/../../../../arm-none-eabi/lib/thumb/v7e-m+fp/hard\libc_nano.a(lib_a-gdtoa-hexnan.o)
                0x000000000800ec64                __hexnan
 .text._localeconv_r
                0x000000000800ed9c        0x8 e:/stm32ide/stm32cubeide_1.7.0/stm32cubeide/plugins/com.st.stm32cube.ide.mcu.externaltools.gnu-tools-for-stm32.9-2020-q2-update.win32_2.0.0.202105311346/tools/bin/../lib/gcc/arm-none-eabi/9.3.1/../../../../arm-none-eabi/lib/thumb/v7e-m+fp/hard\libc_nano.a(lib_a-localeconv.o)
                0x000000000800ed9c                _localeconv_r
 .text.malloc   0x000000000800eda4       0x10 e:/stm32ide/stm32cubeide_1.7.0/stm32cubeide/plugins/com.st.stm32cube.ide.mcu.externaltools.gnu-tools-for-stm32.9-2020-q2-update.win32_2.0.0.202105311346/tools/bin/../lib/gcc/arm-none-eabi/9.3.1/../../../../arm-none-eabi/lib/thumb/v7e-m+fp/hard\libc_nano.a(lib_a-malloc.o)
                0x000000000800eda4                malloc
 .text.__ascii_mbtowc
                0x000000000800edb4       0x24 e:/stm32ide/stm32cubeide_1.7.0/stm32cubeide/plugins/com.st.stm32cube.ide.mcu.externaltools.gnu-tools-for-stm32.9-2020-q2-update.win32_2.0.0.202105311346/tools/bin/../lib/gcc/arm-none-eabi/9.3.1/../../../../arm-none-eabi/lib/thumb/v7e-m+fp/hard\libc_nano.a(lib_a-mbtowc_r.o)
                0x000000000800edb4                __ascii_mbtowc
 .text._Balloc  0x000000000800edd8       0x80 e:/stm32ide/stm32cubeide_1.7.0/stm32cubeide/plugins/com.st.stm32cube.ide.mcu.externaltools.gnu-tools-for-stm32.9-2020-q2-update.win32_2.0.0.202105311346/tools/bin/../lib/gcc/arm-none-eabi/9.3.1/../../../../arm-none-eabi/lib/thumb/v7e-m+fp/hard\libc_nano.a(lib_a-mprec.o)
                0x000000000800edd8                _Balloc
 .text._Bfree   0x000000000800ee58       0x44 e:/stm32ide/stm32cubeide_1.7.0/stm32cubeide/plugins/com.st.stm32cube.ide.mcu.externaltools.gnu-tools-for-stm32.9-2020-q2-update.win32_2.0.0.202105311346/tools/bin/../lib/gcc/arm-none-eabi/9.3.1/../../../../arm-none-eabi/lib/thumb/v7e-m+fp/hard\libc_nano.a(lib_a-mprec.o)
                0x000000000800ee58                _Bfree
 .text.__multadd
                0x000000000800ee9c       0x94 e:/stm32ide/stm32cubeide_1.7.0/stm32cubeide/plugins/com.st.stm32cube.ide.mcu.externaltools.gnu-tools-for-stm32.9-2020-q2-update.win32_2.0.0.202105311346/tools/bin/../lib/gcc/arm-none-eabi/9.3.1/../../../../arm-none-eabi/lib/thumb/v7e-m+fp/hard\libc_nano.a(lib_a-mprec.o)
                0x000000000800ee9c                __multadd
 .text.__s2b    0x000000000800ef30       0x94 e:/stm32ide/stm32cubeide_1.7.0/stm32cubeide/plugins/com.st.stm32cube.ide.mcu.externaltools.gnu-tools-for-stm32.9-2020-q2-update.win32_2.0.0.202105311346/tools/bin/../lib/gcc/arm-none-eabi/9.3.1/../../../../arm-none-eabi/lib/thumb/v7e-m+fp/hard\libc_nano.a(lib_a-mprec.o)
                0x000000000800ef30                __s2b
 .text.__hi0bits
                0x000000000800efc4       0x40 e:/stm32ide/stm32cubeide_1.7.0/stm32cubeide/plugins/com.st.stm32cube.ide.mcu.externaltools.gnu-tools-for-stm32.9-2020-q2-update.win32_2.0.0.202105311346/tools/bin/../lib/gcc/arm-none-eabi/9.3.1/../../../../arm-none-eabi/lib/thumb/v7e-m+fp/hard\libc_nano.a(lib_a-mprec.o)
                0x000000000800efc4                __hi0bits
 .text.__lo0bits
                0x000000000800f004       0x60 e:/stm32ide/stm32cubeide_1.7.0/stm32cubeide/plugins/com.st.stm32cube.ide.mcu.externaltools.gnu-tools-for-stm32.9-2020-q2-update.win32_2.0.0.202105311346/tools/bin/../lib/gcc/arm-none-eabi/9.3.1/../../../../arm-none-eabi/lib/thumb/v7e-m+fp/hard\libc_nano.a(lib_a-mprec.o)
                0x000000000800f004                __lo0bits
 .text.__i2b    0x000000000800f064       0x2c e:/stm32ide/stm32cubeide_1.7.0/stm32cubeide/plugins/com.st.stm32cube.ide.mcu.externaltools.gnu-tools-for-stm32.9-2020-q2-update.win32_2.0.0.202105311346/tools/bin/../lib/gcc/arm-none-eabi/9.3.1/../../../../arm-none-eabi/lib/thumb/v7e-m+fp/hard\libc_nano.a(lib_a-mprec.o)
                0x000000000800f064                __i2b
 .text.__multiply
                0x000000000800f090      0x14c e:/stm32ide/stm32cubeide_1.7.0/stm32cubeide/plugins/com.st.stm32cube.ide.mcu.externaltools.gnu-tools-for-stm32.9-2020-q2-update.win32_2.0.0.202105311346/tools/bin/../lib/gcc/arm-none-eabi/9.3.1/../../../../arm-none-eabi/lib/thumb/v7e-m+fp/hard\libc_nano.a(lib_a-mprec.o)
                0x000000000800f090                __multiply
 .text.__pow5mult
                0x000000000800f1dc       0xb4 e:/stm32ide/stm32cubeide_1.7.0/stm32cubeide/plugins/com.st.stm32cube.ide.mcu.externaltools.gnu-tools-for-stm32.9-2020-q2-update.win32_2.0.0.202105311346/tools/bin/../lib/gcc/arm-none-eabi/9.3.1/../../../../arm-none-eabi/lib/thumb/v7e-m+fp/hard\libc_nano.a(lib_a-mprec.o)
                0x000000000800f1dc                __pow5mult
 .text.__lshift
                0x000000000800f290       0xd8 e:/stm32ide/stm32cubeide_1.7.0/stm32cubeide/plugins/com.st.stm32cube.ide.mcu.externaltools.gnu-tools-for-stm32.9-2020-q2-update.win32_2.0.0.202105311346/tools/bin/../lib/gcc/arm-none-eabi/9.3.1/../../../../arm-none-eabi/lib/thumb/v7e-m+fp/hard\libc_nano.a(lib_a-mprec.o)
                0x000000000800f290                __lshift
 .text.__mcmp   0x000000000800f368       0x38 e:/stm32ide/stm32cubeide_1.7.0/stm32cubeide/plugins/com.st.stm32cube.ide.mcu.externaltools.gnu-tools-for-stm32.9-2020-q2-update.win32_2.0.0.202105311346/tools/bin/../lib/gcc/arm-none-eabi/9.3.1/../../../../arm-none-eabi/lib/thumb/v7e-m+fp/hard\libc_nano.a(lib_a-mprec.o)
                0x000000000800f368                __mcmp
 .text.__mdiff  0x000000000800f3a0      0x110 e:/stm32ide/stm32cubeide_1.7.0/stm32cubeide/plugins/com.st.stm32cube.ide.mcu.externaltools.gnu-tools-for-stm32.9-2020-q2-update.win32_2.0.0.202105311346/tools/bin/../lib/gcc/arm-none-eabi/9.3.1/../../../../arm-none-eabi/lib/thumb/v7e-m+fp/hard\libc_nano.a(lib_a-mprec.o)
                0x000000000800f3a0                __mdiff
 .text.__ulp    0x000000000800f4b0       0x58 e:/stm32ide/stm32cubeide_1.7.0/stm32cubeide/plugins/com.st.stm32cube.ide.mcu.externaltools.gnu-tools-for-stm32.9-2020-q2-update.win32_2.0.0.202105311346/tools/bin/../lib/gcc/arm-none-eabi/9.3.1/../../../../arm-none-eabi/lib/thumb/v7e-m+fp/hard\libc_nano.a(lib_a-mprec.o)
                0x000000000800f4b0                __ulp
 .text.__b2d    0x000000000800f508       0xa0 e:/stm32ide/stm32cubeide_1.7.0/stm32cubeide/plugins/com.st.stm32cube.ide.mcu.externaltools.gnu-tools-for-stm32.9-2020-q2-update.win32_2.0.0.202105311346/tools/bin/../lib/gcc/arm-none-eabi/9.3.1/../../../../arm-none-eabi/lib/thumb/v7e-m+fp/hard\libc_nano.a(lib_a-mprec.o)
                0x000000000800f508                __b2d
 .text.__d2b    0x000000000800f5a8       0xb8 e:/stm32ide/stm32cubeide_1.7.0/stm32cubeide/plugins/com.st.stm32cube.ide.mcu.externaltools.gnu-tools-for-stm32.9-2020-q2-update.win32_2.0.0.202105311346/tools/bin/../lib/gcc/arm-none-eabi/9.3.1/../../../../arm-none-eabi/lib/thumb/v7e-m+fp/hard\libc_nano.a(lib_a-mprec.o)
                0x000000000800f5a8                __d2b
 .text.__ratio  0x000000000800f660       0x66 e:/stm32ide/stm32cubeide_1.7.0/stm32cubeide/plugins/com.st.stm32cube.ide.mcu.externaltools.gnu-tools-for-stm32.9-2020-q2-update.win32_2.0.0.202105311346/tools/bin/../lib/gcc/arm-none-eabi/9.3.1/../../../../arm-none-eabi/lib/thumb/v7e-m+fp/hard\libc_nano.a(lib_a-mprec.o)
                0x000000000800f660                __ratio
 .text.__copybits
                0x000000000800f6c6       0x46 e:/stm32ide/stm32cubeide_1.7.0/stm32cubeide/plugins/com.st.stm32cube.ide.mcu.externaltools.gnu-tools-for-stm32.9-2020-q2-update.win32_2.0.0.202105311346/tools/bin/../lib/gcc/arm-none-eabi/9.3.1/../../../../arm-none-eabi/lib/thumb/v7e-m+fp/hard\libc_nano.a(lib_a-mprec.o)
                0x000000000800f6c6                __copybits
 .text.__any_on
                0x000000000800f70c       0x42 e:/stm32ide/stm32cubeide_1.7.0/stm32cubeide/plugins/com.st.stm32cube.ide.mcu.externaltools.gnu-tools-for-stm32.9-2020-q2-update.win32_2.0.0.202105311346/tools/bin/../lib/gcc/arm-none-eabi/9.3.1/../../../../arm-none-eabi/lib/thumb/v7e-m+fp/hard\libc_nano.a(lib_a-mprec.o)
                0x000000000800f70c                __any_on
 .text._calloc_r
                0x000000000800f74e       0x1e e:/stm32ide/stm32cubeide_1.7.0/stm32cubeide/plugins/com.st.stm32cube.ide.mcu.externaltools.gnu-tools-for-stm32.9-2020-q2-update.win32_2.0.0.202105311346/tools/bin/../lib/gcc/arm-none-eabi/9.3.1/../../../../arm-none-eabi/lib/thumb/v7e-m+fp/hard\libc_nano.a(lib_a-nano-callocr.o)
                0x000000000800f74e                _calloc_r
 .text._free_r  0x000000000800f76c       0xa0 e:/stm32ide/stm32cubeide_1.7.0/stm32cubeide/plugins/com.st.stm32cube.ide.mcu.externaltools.gnu-tools-for-stm32.9-2020-q2-update.win32_2.0.0.202105311346/tools/bin/../lib/gcc/arm-none-eabi/9.3.1/../../../../arm-none-eabi/lib/thumb/v7e-m+fp/hard\libc_nano.a(lib_a-nano-freer.o)
                0x000000000800f76c                _free_r
 .text._malloc_r
                0x000000000800f80c       0xb4 e:/stm32ide/stm32cubeide_1.7.0/stm32cubeide/plugins/com.st.stm32cube.ide.mcu.externaltools.gnu-tools-for-stm32.9-2020-q2-update.win32_2.0.0.202105311346/tools/bin/../lib/gcc/arm-none-eabi/9.3.1/../../../../arm-none-eabi/lib/thumb/v7e-m+fp/hard\libc_nano.a(lib_a-nano-mallocr.o)
                0x000000000800f80c                _malloc_r
 .text._realloc_r
                0x000000000800f8c0       0x4c e:/stm32ide/stm32cubeide_1.7.0/stm32cubeide/plugins/com.st.stm32cube.ide.mcu.externaltools.gnu-tools-for-stm32.9-2020-q2-update.win32_2.0.0.202105311346/tools/bin/../lib/gcc/arm-none-eabi/9.3.1/../../../../arm-none-eabi/lib/thumb/v7e-m+fp/hard\libc_nano.a(lib_a-nano-reallocr.o)
                0x000000000800f8c0                _realloc_r
 .text.__ssputs_r