main.c:86:1:__io_putchar	16	static
main.c:96:5:chuyenChartoInt	16	static
main.c:101:6:DC1_thuan	16	static
main.c:108:6:DC1_nghich	16	static
main.c:115:6:DC2_nghich	16	static
main.c:121:6:DC2_thuan	16	static
main.c:128:6:lui	8	static
main.c:134:6:tien	8	static
main.c:140:6:Xoay_Trai	8	static
main.c:146:6:Xoay_Phai	8	static
main.c:153:6:dung	8	static
main.c:171:5:main	8	static
main.c:241:6:SystemClock_Config	88	static
main.c:286:13:MX_TIM1_Init	96	static
main.c:365:13:MX_TIM2_Init	48	static
main.c:423:13:MX_TIM3_Init	32	static
main.c:468:13:MX_TIM4_Init	48	static
main.c:526:13:MX_TIM5_Init	48	static
main.c:584:13:MX_TIM6_Init	16	static
main.c:622:13:MX_TIM9_Init	24	static
main.c:660:13:MX_USART1_UART_Init	8	static
main.c:693:13:MX_USART2_UART_Init	8	static
main.c:726:13:MX_USART3_UART_Init	8	static
main.c:757:13:MX_DMA_Init	16	static
main.c:778:13:MX_GPIO_Init	48	static
main.c:854:6:Error_Handler	4	static,ignoring_inline_asm
