stm32f4xx_it.c:78:6:PID_control_DC1	32	static
stm32f4xx_it.c:101:6:PID_control_DC2	32	static
stm32f4xx_it.c:132:6:NMI_Handler	4	static
stm32f4xx_it.c:147:6:HardFault_Handler	4	static
stm32f4xx_it.c:162:6:MemManage_Handler	4	static
stm32f4xx_it.c:177:6:BusFault_Handler	4	static
stm32f4xx_it.c:192:6:UsageFault_Handler	4	static
stm32f4xx_it.c:207:6:SVC_Handler	4	static
stm32f4xx_it.c:220:6:DebugMon_Handler	4	static
stm32f4xx_it.c:233:6:PendSV_Handler	4	static
stm32f4xx_it.c:246:6:SysTick_Handler	8	static
stm32f4xx_it.c:267:6:EXTI1_IRQHandler	8	static
stm32f4xx_it.c:288:6:DMA1_Stream5_IRQHandler	8	static
stm32f4xx_it.c:302:6:DMA1_Stream6_IRQHandler	8	static
stm32f4xx_it.c:316:6:EXTI9_5_IRQHandler	8	static
stm32f4xx_it.c:337:6:TIM1_BRK_TIM9_IRQHandler	8	static
stm32f4xx_it.c:355:6:TIM2_IRQHandler	8	static
stm32f4xx_it.c:369:6:TIM3_IRQHandler	8	static
stm32f4xx_it.c:383:6:TIM4_IRQHandler	8	static
stm32f4xx_it.c:397:6:USART1_IRQHandler	8	static
stm32f4xx_it.c:411:6:USART2_IRQHandler	8	static
stm32f4xx_it.c:425:6:USART3_IRQHandler	8	static
stm32f4xx_it.c:439:6:TIM5_IRQHandler	8	static
